Component: ARM Compiler 5.06 update 7 (build 960) Tool: armlink [4d3601]

==============================================================================

Section Cross References

    startup_stm32f401xe.o(RESET) refers to startup_stm32f401xe.o(STACK) for __initial_sp
    startup_stm32f401xe.o(RESET) refers to startup_stm32f401xe.o(.text) for Reset_Handler
    startup_stm32f401xe.o(RESET) refers to stm32f4xx_it.o(i.NMI_Handler) for NMI_Handler
    startup_stm32f401xe.o(RESET) refers to stm32f4xx_it.o(i.HardFault_Handler) for HardFault_Handler
    startup_stm32f401xe.o(RESET) refers to stm32f4xx_it.o(i.MemManage_Handler) for MemManage_Handler
    startup_stm32f401xe.o(RESET) refers to stm32f4xx_it.o(i.BusFault_Handler) for BusFault_Handler
    startup_stm32f401xe.o(RESET) refers to stm32f4xx_it.o(i.UsageFault_Handler) for UsageFault_Handler
    startup_stm32f401xe.o(RESET) refers to stm32f4xx_it.o(i.SVC_Handler) for SVC_Handler
    startup_stm32f401xe.o(RESET) refers to stm32f4xx_it.o(i.DebugMon_Handler) for DebugMon_Handler
    startup_stm32f401xe.o(RESET) refers to stm32f4xx_it.o(i.PendSV_Handler) for PendSV_Handler
    startup_stm32f401xe.o(RESET) refers to stm32f4xx_it.o(i.SysTick_Handler) for SysTick_Handler
    startup_stm32f401xe.o(RESET) refers to stm32f4xx_it.o(i.EXTI2_IRQHandler) for EXTI2_IRQHandler
    startup_stm32f401xe.o(RESET) refers to stm32f4xx_it.o(i.EXTI4_IRQHandler) for EXTI4_IRQHandler
    startup_stm32f401xe.o(RESET) refers to stm32f4xx_it.o(i.USART2_IRQHandler) for USART2_IRQHandler
    startup_stm32f401xe.o(RESET) refers to stm32f4xx_it.o(i.OTG_FS_IRQHandler) for OTG_FS_IRQHandler
    startup_stm32f401xe.o(RESET) refers to stm32f4xx_it.o(i.USART6_IRQHandler) for USART6_IRQHandler
    startup_stm32f401xe.o(.text) refers to system_stm32f4xx.o(i.SystemInit) for SystemInit
    startup_stm32f401xe.o(.text) refers to entry.o(.ARM.Collect$$$$00000000) for __main
    main.o(i.Error_Handler) refers to main.o(.conststring) for .conststring
    main.o(i.Error_Handler) refers to printf5.o(i.__0printf$5) for __2printf
    main.o(i.HAL_GPIO_EXTI_Callback) refers to main.o(.data) for EMR_INT
    main.o(i.HAL_UART_RxCpltCallback) refers to main.o(.data) for aRxBuffer
    main.o(i.HAL_UART_RxCpltCallback) refers to usart.o(.bss) for huart6
    main.o(i.HAL_UART_RxCpltCallback) refers to stm32f4xx_hal_uart.o(i.HAL_UART_Transmit) for HAL_UART_Transmit
    main.o(i.Handle_EMR_Data) refers to main.o(.data) for EMR_INT
    main.o(i.Handle_EMR_Data) refers to i2c.o(.bss) for hi2c3
    main.o(i.Handle_EMR_Data) refers to main.o(.conststring) for .conststring
    main.o(i.Handle_EMR_Data) refers to stm32f4xx_hal_i2c.o(i.HAL_I2C_Master_Receive) for HAL_I2C_Master_Receive
    main.o(i.Handle_EMR_Data) refers to printf5.o(i.__0printf$5) for __2printf
    main.o(i.SystemClock_Config) refers to memseta.o(.text) for __aeabi_memclr4
    main.o(i.SystemClock_Config) refers to stm32f4xx_hal_rcc.o(i.HAL_RCC_OscConfig) for HAL_RCC_OscConfig
    main.o(i.SystemClock_Config) refers to main.o(i.Error_Handler) for Error_Handler
    main.o(i.SystemClock_Config) refers to stm32f4xx_hal_rcc.o(i.HAL_RCC_ClockConfig) for HAL_RCC_ClockConfig
    main.o(i.fputc) refers to usart.o(.bss) for huart6
    main.o(i.fputc) refers to stm32f4xx_hal_uart.o(i.HAL_UART_Transmit) for HAL_UART_Transmit
    main.o(i.main) refers to main.o(.data) for aRxBuffer
    main.o(i.main) refers to usart.o(.bss) for huart6
    main.o(i.main) refers to main.o(.conststring) for .conststring
    main.o(i.main) refers to main.o(.bss) for send_data
    main.o(i.main) refers to stm32f4xx_hal.o(i.HAL_Init) for HAL_Init
    main.o(i.main) refers to main.o(i.SystemClock_Config) for SystemClock_Config
    main.o(i.main) refers to gpio.o(i.MX_GPIO_Init) for MX_GPIO_Init
    main.o(i.main) refers to i2c.o(i.MX_I2C3_Init) for MX_I2C3_Init
    main.o(i.main) refers to usart.o(i.MX_USART2_UART_Init) for MX_USART2_UART_Init
    main.o(i.main) refers to usart.o(i.MX_USART6_UART_Init) for MX_USART6_UART_Init
    main.o(i.main) refers to usb_device.o(i.MX_USB_DEVICE_Init) for MX_USB_DEVICE_Init
    main.o(i.main) refers to stm32f4xx_hal_uart.o(i.HAL_UART_Receive_IT) for HAL_UART_Receive_IT
    main.o(i.main) refers to printf5.o(i.__0printf$5) for __2printf
    main.o(i.main) refers to stm32f4xx_hal_gpio.o(i.HAL_GPIO_WritePin) for HAL_GPIO_WritePin
    main.o(i.main) refers to stm32f4xx_hal.o(i.HAL_Delay) for HAL_Delay
    main.o(i.main) refers to usbd_custom_hid_if.o(i.USBD_CUSTOM_HID_SendReport_FS) for USBD_CUSTOM_HID_SendReport_FS
    gpio.o(i.MX_GPIO_Init) refers to memseta.o(.text) for __aeabi_memclr4
    gpio.o(i.MX_GPIO_Init) refers to stm32f4xx_hal_gpio.o(i.HAL_GPIO_WritePin) for HAL_GPIO_WritePin
    gpio.o(i.MX_GPIO_Init) refers to stm32f4xx_hal_gpio.o(i.HAL_GPIO_Init) for HAL_GPIO_Init
    gpio.o(i.MX_GPIO_Init) refers to stm32f4xx_hal_cortex.o(i.HAL_NVIC_SetPriority) for HAL_NVIC_SetPriority
[...]
    i.HAL_PCD_SuspendCallback                0x080016fa   Section        0  usbd_conf.o(i.HAL_PCD_SuspendCallback)
    i.HAL_RCC_ClockConfig                    0x08001734   Section        0  stm32f4xx_hal_rcc.o(i.HAL_RCC_ClockConfig)
    i.HAL_RCC_GetHCLKFreq                    0x0800192e   Section        0  stm32f4xx_hal_rcc.o(i.HAL_RCC_GetHCLKFreq)
    i.HAL_RCC_GetPCLK1Freq                   0x0800193a   Section        0  stm32f4xx_hal_rcc.o(i.HAL_RCC_GetPCLK1Freq)
    i.HAL_RCC_GetPCLK2Freq                   0x0800195c   Section        0  stm32f4xx_hal_rcc.o(i.HAL_RCC_GetPCLK2Freq)
    i.HAL_RCC_GetSysClockFreq                0x0800197e   Section        0  stm32f4xx_hal_rcc.o(i.HAL_RCC_GetSysClockFreq)
    i.HAL_RCC_OscConfig                      0x08001a52   Section        0  stm32f4xx_hal_rcc.o(i.HAL_RCC_OscConfig)
    i.HAL_SYSTICK_Config                     0x08001fb6   Section        0  stm32f4xx_hal_cortex.o(i.HAL_SYSTICK_Config)
    i.HAL_UART_ErrorCallback                 0x08001fea   Section        0  stm32f4xx_hal_uart.o(i.HAL_UART_ErrorCallback)
    i.HAL_UART_IRQHandler                    0x08001fec   Section        0  stm32f4xx_hal_uart.o(i.HAL_UART_IRQHandler)
    i.HAL_UART_Init                          0x08002142   Section        0  stm32f4xx_hal_uart.o(i.HAL_UART_Init)
    i.HAL_UART_MspInit                       0x080021b4   Section        0  usart.o(i.HAL_UART_MspInit)
    i.HAL_UART_Receive_IT                    0x080022f6   Section        0  stm32f4xx_hal_uart.o(i.HAL_UART_Receive_IT)
    i.HAL_UART_RxCpltCallback                0x08002366   Section        0  main.o(i.HAL_UART_RxCpltCallback)
    i.HAL_UART_Transmit                      0x0800240c   Section        0  stm32f4xx_hal_uart.o(i.HAL_UART_Transmit)
    i.HAL_UART_TxCpltCallback                0x080024e4   Section        0  stm32f4xx_hal_uart.o(i.HAL_UART_TxCpltCallback)
    i.HardFault_Handler                      0x080024e6   Section        0  stm32f4xx_it.o(i.HardFault_Handler)
    i.IntToUnicode                           0x080024ea   Section        0  usbd_desc.o(i.IntToUnicode)
    IntToUnicode                             0x080024eb   Thumb Code    62  usbd_desc.o(i.IntToUnicode)
    i.MX_GPIO_Init                           0x08002528   Section        0  gpio.o(i.MX_GPIO_Init)
    i.MX_I2C3_Init                           0x080026f2   Section        0  i2c.o(i.MX_I2C3_Init)
    i.MX_USART2_UART_Init                    0x0800273a   Section        0  usart.o(i.MX_USART2_UART_Init)
    i.MX_USART6_UART_Init                    0x0800277a   Section        0  usart.o(i.MX_USART6_UART_Init)
    i.MX_USB_DEVICE_Init                     0x080027ba   Section        0  usb_device.o(i.MX_USB_DEVICE_Init)
    i.MemManage_Handler                      0x0800282c   Section        0  stm32f4xx_it.o(i.MemManage_Handler)
    i.NMI_Handler                            0x08002830   Section        0  stm32f4xx_it.o(i.NMI_Handler)
    i.OTG_FS_IRQHandler                      0x08002834   Section        0  stm32f4xx_it.o(i.OTG_FS_IRQHandler)
    i.PCD_EP_OutSetupPacket_int              0x08002844   Section        0  stm32f4xx_hal_pcd.o(i.PCD_EP_OutSetupPacket_int)
    PCD_EP_OutSetupPacket_int                0x08002845   Thumb Code   106  stm32f4xx_hal_pcd.o(i.PCD_EP_OutSetupPacket_int)
    i.PCD_EP_OutXfrComplete_int              0x080028ae   Section        0  stm32f4xx_hal_pcd.o(i.PCD_EP_OutXfrComplete_int)
    PCD_EP_OutXfrComplete_int                0x080028af   Thumb Code   390  stm32f4xx_hal_pcd.o(i.PCD_EP_OutXfrComplete_int)
    i.PCD_WriteEmptyTxFifo                   0x08002a34   Section        0  stm32f4xx_hal_pcd.o(i.PCD_WriteEmptyTxFifo)
    PCD_WriteEmptyTxFifo                     0x08002a35   Thumb Code   182  stm32f4xx_hal_pcd.o(i.PCD_WriteEmptyTxFifo)
    i.PendSV_Handler                         0x08002aea   Section        0  stm32f4xx_it.o(i.PendSV_Handler)
    i.SVC_Handler                            0x08002aec   Section        0  stm32f4xx_it.o(i.SVC_Handler)
    i.SWAPBYTE                               0x08002aee   Section        0  usbd_ctlreq.o(i.SWAPBYTE)
    SWAPBYTE                                 0x08002aef   Thumb Code    18  usbd_ctlreq.o(i.SWAPBYTE)
    i.SysTick_Handler                        0x08002b00   Section        0  stm32f4xx_it.o(i.SysTick_Handler)
    i.SystemClock_Config                     0x08002b08   Section        0  main.o(i.SystemClock_Config)
    i.SystemInit                             0x08002bca   Section        0  system_stm32f4xx.o(i.SystemInit)
    i.UART_DMAAbortOnError                   0x08002bf2   Section        0  stm32f4xx_hal_uart.o(i.UART_DMAAbortOnError)
    UART_DMAAbortOnError                     0x08002bf3   Thumb Code    20  stm32f4xx_hal_uart.o(i.UART_DMAAbortOnError)
    i.UART_EndRxTransfer                     0x08002c06   Section        0  stm32f4xx_hal_uart.o(i.UART_EndRxTransfer)
    UART_EndRxTransfer                       0x08002c07   Thumb Code    32  stm32f4xx_hal_uart.o(i.UART_EndRxTransfer)
    i.UART_EndTransmit_IT                    0x08002c26   Section        0  stm32f4xx_hal_uart.o(i.UART_EndTransmit_IT)
    UART_EndTransmit_IT                      0x08002c27   Thumb Code    32  stm32f4xx_hal_uart.o(i.UART_EndTransmit_IT)
    i.UART_Receive_IT                        0x08002c46   Section        0  stm32f4xx_hal_uart.o(i.UART_Receive_IT)
    UART_Receive_IT                          0x08002c47   Thumb Code   166  stm32f4xx_hal_uart.o(i.UART_Receive_IT)
    i.UART_SetConfig                         0x08002cec   Section        0  stm32f4xx_hal_uart.o(i.UART_SetConfig)
    UART_SetConfig                           0x08002ced   Thumb Code  1044  stm32f4xx_hal_uart.o(i.UART_SetConfig)
    i.UART_Transmit_IT                       0x08003100   Section        0  stm32f4xx_hal_uart.o(i.UART_Transmit_IT)
    UART_Transmit_IT                         0x08003101   Thumb Code   104  stm32f4xx_hal_uart.o(i.UART_Transmit_IT)
    i.UART_WaitOnFlagUntilTimeout            0x08003168   Section        0  stm32f4xx_hal_uart.o(i.UART_WaitOnFlagUntilTimeout)
    UART_WaitOnFlagUntilTimeout              0x08003169   Thumb Code   108  stm32f4xx_hal_uart.o(i.UART_WaitOnFlagUntilTimeout)
    i.USART2_IRQHandler                      0x080031d4   Section        0  stm32f4xx_it.o(i.USART2_IRQHandler)
    i.USART6_IRQHandler                      0x080031fa   Section        0  stm32f4xx_it.o(i.USART6_IRQHandler)
    i.USBD_CUSTOM_HID_DataIn                 0x08003220   Section        0  usbd_customhid.o(i.USBD_CUSTOM_HID_DataIn)
    USBD_CUSTOM_HID_DataIn                   0x08003221   Thumb Code    12  usbd_customhid.o(i.USBD_CUSTOM_HID_DataIn)
    i.USBD_CUSTOM_HID_DataOut                0x0800322c   Section        0  usbd_customhid.o(i.USBD_CUSTOM_HID_DataOut)
    USBD_CUSTOM_HID_DataOut                  0x0800322d   Thumb Code    46  usbd_customhid.o(i.USBD_CUSTOM_HID_DataOut)
    i.USBD_CUSTOM_HID_DeInit                 0x0800325a   Section        0  usbd_customhid.o(i.USBD_CUSTOM_HID_DeInit)
    USBD_CUSTOM_HID_DeInit                   0x0800325b   Thumb Code    70  usbd_customhid.o(i.USBD_CUSTOM_HID_DeInit)
    i.USBD_CUSTOM_HID_EP0_RxReady            0x080032a0   Section        0  usbd_customhid.o(i.USBD_CUSTOM_HID_EP0_RxReady)
    USBD_CUSTOM_HID_EP0_RxReady              0x080032a1   Thumb Code    32  usbd_customhid.o(i.USBD_CUSTOM_HID_EP0_RxReady)
    i.USBD_CUSTOM_HID_GetDeviceQualifierDesc 0x080032c0   Section        0  usbd_customhid.o(i.USBD_CUSTOM_HID_GetDeviceQualifierDesc)
    USBD_CUSTOM_HID_GetDeviceQualifierDesc   0x080032c1   Thumb Code    16  usbd_customhid.o(i.USBD_CUSTOM_HID_GetDeviceQualifierDesc)
    i.USBD_CUSTOM_HID_GetFSCfgDesc           0x080032d0   Section        0  usbd_customhid.o(i.USBD_CUSTOM_HID_GetFSCfgDesc)
    USBD_CUSTOM_HID_GetFSCfgDesc             0x080032d1   Thumb Code    16  usbd_customhid.o(i.USBD_CUSTOM_HID_GetFSCfgDesc)
    i.USBD_CUSTOM_HID_GetHSCfgDesc           0x080032e0   Section        0  usbd_customhid.o(i.USBD_CUSTOM_HID_GetHSCfgDesc)
    USBD_CUSTOM_HID_GetHSCfgDesc             0x080032e1   Thumb Code    16  usbd_customhid.o(i.USBD_CUSTOM_HID_GetHSCfgDesc)
    i.USBD_CUSTOM_HID_GetOtherSpeedCfgDesc   0x080032f0   Section        0  usbd_customhid.o(i.USBD_CUSTOM_HID_GetOtherSpeedCfgDesc)
    USBD_CUSTOM_HID_GetOtherSpeedCfgDesc     0x080032f1   Thumb Code    16  usbd_customhid.o(i.USBD_CUSTOM_HID_GetOtherSpeedCfgDesc)
    i.USBD_CUSTOM_HID_Init                   0x08003300   Section        0  usbd_customhid.o(i.USBD_CUSTOM_HID_Init)
    USBD_CUSTOM_HID_Init                     0x08003301   Thumb Code   114  usbd_customhid.o(i.USBD_CUSTOM_HID_Init)
    i.USBD_CUSTOM_HID_RegisterInterface      0x08003372   Section        0  usbd_customhid.o(i.USBD_CUSTOM_HID_RegisterInterface)
    i.USBD_CUSTOM_HID_SendReport             0x08003382   Section        0  usbd_customhid.o(i.USBD_CUSTOM_HID_SendReport)
    i.USBD_CUSTOM_HID_SendReport_FS          0x080033c2   Section        0  usbd_custom_hid_if.o(i.USBD_CUSTOM_HID_SendReport_FS)
    i.USBD_CUSTOM_HID_Setup                  0x080033dc   Section        0  usbd_customhid.o(i.USBD_CUSTOM_HID_Setup)
    USBD_CUSTOM_HID_Setup                    0x080033dd   Thumb Code   376  usbd_customhid.o(i.USBD_CUSTOM_HID_Setup)
    i.USBD_ClrClassConfig                    0x08003554   Section        0  usbd_core.o(i.USBD_ClrClassConfig)
    i.USBD_ClrFeature                        0x08003570   Section        0  usbd_ctlreq.o(i.USBD_ClrFeature)
    USBD_ClrFeature                          0x08003571   Thumb Code    62  usbd_ctlreq.o(i.USBD_ClrFeature)
    i.USBD_CtlContinueRx                     0x080035ae   Section        0  usbd_ioreq.o(i.USBD_CtlContinueRx)
    i.USBD_CtlContinueSendData               0x080035c6   Section        0  usbd_ioreq.o(i.USBD_CtlContinueSendData)
    i.USBD_CtlError                          0x080035de   Section        0  usbd_ctlreq.o(i.USBD_CtlError)
    i.USBD_CtlPrepareRx                      0x080035f6   Section        0  usbd_ioreq.o(i.USBD_CtlPrepareRx)
    i.USBD_CtlReceiveStatus                  0x0800361e   Section        0  usbd_ioreq.o(i.USBD_CtlReceiveStatus)
    i.USBD_CtlSendData                       0x08003638   Section        0  usbd_ioreq.o(i.USBD_CtlSendData)
    i.USBD_CtlSendStatus                     0x0800365a   Section        0  usbd_ioreq.o(i.USBD_CtlSendStatus)
    i.USBD_FS_ConfigStrDescriptor            0x08003674   Section        0  usbd_desc.o(i.USBD_FS_ConfigStrDescriptor)
    i.USBD_FS_DeviceDescriptor               0x080036b4   Section        0  usbd_desc.o(i.USBD_FS_DeviceDescriptor)
    i.USBD_FS_InterfaceStrDescriptor         0x080036c4   Section        0  usbd_desc.o(i.USBD_FS_InterfaceStrDescriptor)
    i.USBD_FS_LangIDStrDescriptor            0x08003704   Section        0  usbd_desc.o(i.USBD_FS_LangIDStrDescriptor)
    i.USBD_FS_ManufacturerStrDescriptor      0x08003714   Section        0  usbd_desc.o(i.USBD_FS_ManufacturerStrDescriptor)
    i.USBD_FS_ProductStrDescriptor           0x0800373a   Section        0  usbd_desc.o(i.USBD_FS_ProductStrDescriptor)
    i.USBD_FS_SerialStrDescriptor            0x0800377a   Section        0  usbd_desc.o(i.USBD_FS_SerialStrDescriptor)
    i.USBD_GetConfig                         0x08003792   Section        0  usbd_ctlreq.o(i.USBD_GetConfig)
    USBD_GetConfig                           0x08003793   Thumb Code    86  usbd_ctlreq.o(i.USBD_GetConfig)
    i.USBD_GetDescriptor                     0x080037e8   Section        0  usbd_ctlreq.o(i.USBD_GetDescriptor)
    USBD_GetDescriptor                       0x080037e9   Thumb Code   510  usbd_ctlreq.o(i.USBD_GetDescriptor)
    i.USBD_GetLen                            0x080039e6   Section        0  usbd_ctlreq.o(i.USBD_GetLen)
    USBD_GetLen                              0x080039e7   Thumb Code    22  usbd_ctlreq.o(i.USBD_GetLen)
    i.USBD_GetStatus                         0x080039fc   Section        0  usbd_ctlreq.o(i.USBD_GetStatus)
    USBD_GetStatus                           0x080039fd   Thumb Code    90  usbd_ctlreq.o(i.USBD_GetStatus)
    i.USBD_GetString                         0x08003a56   Section        0  usbd_ctlreq.o(i.USBD_GetString)
    i.USBD_Get_USB_Status                    0x08003aaa   Section        0  usbd_conf.o(i.USBD_Get_USB_Status)
    i.USBD_Init                              0x08003ad6   Section        0  usbd_core.o(i.USBD_Init)
    i.USBD_LL_ClearStallEP                   0x08003b1a   Section        0  usbd_conf.o(i.USBD_LL_ClearStallEP)
    i.USBD_LL_CloseEP                        0x08003b40   Section        0  usbd_conf.o(i.USBD_LL_CloseEP)
    i.USBD_LL_DataInStage                    0x08003b66   Section        0  usbd_core.o(i.USBD_LL_DataInStage)
    i.USBD_LL_DataOutStage                   0x08003c4c   Section        0  usbd_core.o(i.USBD_LL_DataOutStage)
    i.USBD_LL_DevConnected                   0x08003cde   Section        0  usbd_core.o(i.USBD_LL_DevConnected)
    i.USBD_LL_DevDisconnected                0x08003ce4   Section        0  usbd_core.o(i.USBD_LL_DevDisconnected)
    i.USBD_LL_Init                           0x08003d04   Section        0  usbd_conf.o(i.USBD_LL_Init)
    i.USBD_LL_IsStallEP                      0x08003d8c   Section        0  usbd_conf.o(i.USBD_LL_IsStallEP)
    i.USBD_LL_IsoINIncomplete                0x08003dc4   Section        0  usbd_core.o(i.USBD_LL_IsoINIncomplete)
    i.USBD_LL_IsoOUTIncomplete               0x08003dca   Section        0  usbd_core.o(i.USBD_LL_IsoOUTIncomplete)
    i.USBD_LL_OpenEP                         0x08003dd0   Section        0  usbd_conf.o(i.USBD_LL_OpenEP)
    i.USBD_LL_PrepareReceive                 0x08003e00   Section        0  usbd_conf.o(i.USBD_LL_PrepareReceive)
    i.USBD_LL_Reset                          0x08003e30   Section        0  usbd_core.o(i.USBD_LL_Reset)
    i.USBD_LL_Resume                         0x08003e8a   Section        0  usbd_core.o(i.USBD_LL_Resume)
    i.USBD_LL_SOF                            0x08003ea0   Section        0  usbd_core.o(i.USBD_LL_SOF)
    i.USBD_LL_SetSpeed                       0x08003ec2   Section        0  usbd_core.o(i.USBD_LL_SetSpeed)
    i.USBD_LL_SetUSBAddress                  0x08003eca   Section        0  usbd_conf.o(i.USBD_LL_SetUSBAddress)
    i.USBD_LL_SetupStage                     0x08003ef0   Section        0  usbd_core.o(i.USBD_LL_SetupStage)
    i.USBD_LL_StallEP                        0x08003f66   Section        0  usbd_conf.o(i.USBD_LL_StallEP)
    i.USBD_LL_Start                          0x08003f8c   Section        0  usbd_conf.o(i.USBD_LL_Start)
    i.USBD_LL_Suspend                        0x08003faa   Section        0  usbd_core.o(i.USBD_LL_Suspend)
    i.USBD_LL_Transmit                       0x08003fbe   Section        0  usbd_conf.o(i.USBD_LL_Transmit)
    i.USBD_ParseSetupRequest                 0x08003fee   Section        0  usbd_ctlreq.o(i.USBD_ParseSetupRequest)
    i.USBD_RegisterClass                     0x08004024   Section        0  usbd_core.o(i.USBD_RegisterClass)
    i.USBD_RunTestMode                       0x0800404a   Section        0  usbd_core.o(i.USBD_RunTestMode)
    i.USBD_SetAddress                        0x08004050   Section        0  usbd_ctlreq.o(i.USBD_SetAddress)
    USBD_SetAddress                          0x08004051   Thumb Code    90  usbd_ctlreq.o(i.USBD_SetAddress)
    i.USBD_SetClassConfig                    0x080040aa   Section        0  usbd_core.o(i.USBD_SetClassConfig)
    i.USBD_SetConfig                         0x080040ca   Section        0  usbd_ctlreq.o(i.USBD_SetConfig)
    USBD_SetConfig                           0x080040cb   Thumb Code   316  usbd_ctlreq.o(i.USBD_SetConfig)
    i.USBD_SetFeature                        0x08004206   Section        0  usbd_ctlreq.o(i.USBD_SetFeature)
    USBD_SetFeature                          0x08004207   Thumb Code    24  usbd_ctlreq.o(i.USBD_SetFeature)
    i.USBD_Start                             0x0800421e   Section        0  usbd_core.o(i.USBD_Start)
    i.USBD_StdDevReq                         0x0800422a   Section        0  usbd_ctlreq.o(i.USBD_StdDevReq)
    i.USBD_StdEPReq                          0x080042ce   Section        0  usbd_ctlreq.o(i.USBD_StdEPReq)
    i.USBD_StdItfReq                         0x080044f8   Section        0  usbd_ctlreq.o(i.USBD_StdItfReq)
    i.USB_ActivateEndpoint                   0x08004576   Section        0  stm32f4xx_ll_usb.o(i.USB_ActivateEndpoint)
    i.USB_ActivateSetup                      0x08004644   Section        0  stm32f4xx_ll_usb.o(i.USB_ActivateSetup)
    i.USB_CoreInit                           0x0800466c   Section        0  stm32f4xx_ll_usb.o(i.USB_CoreInit)
    i.USB_CoreReset                          0x080046f0   Section        0  stm32f4xx_ll_usb.o(i.USB_CoreReset)
    USB_CoreReset                            0x080046f1   Thumb Code    82  stm32f4xx_ll_usb.o(i.USB_CoreReset)
    i.USB_DeactivateEndpoint                 0x08004742   Section        0  stm32f4xx_ll_usb.o(i.USB_DeactivateEndpoint)
    i.USB_DevConnect                         0x08004894   Section        0  stm32f4xx_ll_usb.o(i.USB_DevConnect)
    i.USB_DevDisconnect                      0x080048b8   Section        0  stm32f4xx_ll_usb.o(i.USB_DevDisconnect)
    i.USB_DevInit                            0x080048dc   Section        0  stm32f4xx_ll_usb.o(i.USB_DevInit)
    i.USB_DisableGlobalInt                   0x08004abe   Section        0  stm32f4xx_ll_usb.o(i.USB_DisableGlobalInt)
    i.USB_EP0StartXfer                       0x08004acc   Section        0  stm32f4xx_ll_usb.o(i.USB_EP0StartXfer)
    i.USB_EP0_OutStart                       0x08004cae   Section        0  stm32f4xx_ll_usb.o(i.USB_EP0_OutStart)
    i.USB_EPClearStall                       0x08004d1e   Section        0  stm32f4xx_ll_usb.o(i.USB_EPClearStall)
    i.USB_EPSetStall                         0x08004dac   Section        0  stm32f4xx_ll_usb.o(i.USB_EPSetStall)
    i.USB_EPStartXfer                        0x08004e46   Section        0  stm32f4xx_ll_usb.o(i.USB_EPStartXfer)
    i.USB_EnableGlobalInt                    0x08005196   Section        0  stm32f4xx_ll_usb.o(i.USB_EnableGlobalInt)
    i.USB_FlushRxFifo                        0x080051a4   Section        0  stm32f4xx_ll_usb.o(i.USB_FlushRxFifo)
    i.USB_FlushTxFifo                        0x080051d0   Section        0  stm32f4xx_ll_usb.o(i.USB_FlushTxFifo)
    i.USB_GetDevSpeed                        0x08005202   Section        0  stm32f4xx_ll_usb.o(i.USB_GetDevSpeed)
    i.USB_GetMode                            0x08005228   Section        0  stm32f4xx_ll_usb.o(i.USB_GetMode)
    i.USB_ReadDevAllInEpInterrupt            0x08005232   Section        0  stm32f4xx_ll_usb.o(i.USB_ReadDevAllInEpInterrupt)
    i.USB_ReadDevAllOutEpInterrupt           0x08005246   Section        0  stm32f4xx_ll_usb.o(i.USB_ReadDevAllOutEpInterrupt)
    i.USB_ReadDevInEPInterrupt               0x0800525a   Section        0  stm32f4xx_ll_usb.o(i.USB_ReadDevInEPInterrupt)
    i.USB_ReadDevOutEPInterrupt              0x0800528c   Section        0  stm32f4xx_ll_usb.o(i.USB_ReadDevOutEPInterrupt)
    i.USB_ReadInterrupts                     0x080052a6   Section        0  stm32f4xx_ll_usb.o(i.USB_ReadInterrupts)
    i.USB_ReadPacket                         0x080052b0   Section        0  stm32f4xx_ll_usb.o(i.USB_ReadPacket)
    i.USB_SetCurrentMode                     0x080052d2   Section        0  stm32f4xx_ll_usb.o(i.USB_SetCurrentMode)
    i.USB_SetDevAddress                      0x08005308   Section        0  stm32f4xx_ll_usb.o(i.USB_SetDevAddress)
    i.USB_SetDevSpeed                        0x08005332   Section        0  stm32f4xx_ll_usb.o(i.USB_SetDevSpeed)
    i.USB_SetTurnaroundTime                  0x08005344   Section        0  stm32f4xx_ll_usb.o(i.USB_SetTurnaroundTime)
    i.USB_WritePacket                        0x08005472   Section        0  stm32f4xx_ll_usb.o(i.USB_WritePacket)
    i.UsageFault_Handler                     0x080054ae   Section        0  stm32f4xx_it.o(i.UsageFault_Handler)
    i.__0printf$5                            0x080054b4   Section        0  printf5.o(i.__0printf$5)
    i.__NVIC_GetPriorityGrouping             0x080054d4   Section        0  stm32f4xx_hal_cortex.o(i.__NVIC_GetPriorityGrouping)
    __NVIC_GetPriorityGrouping               0x080054d5   Thumb Code    16  stm32f4xx_hal_cortex.o(i.__NVIC_GetPriorityGrouping)
    i.__NVIC_SetPriority                     0x080054e4   Section        0  stm32f4xx_hal_cortex.o(i.__NVIC_SetPriority)
    __NVIC_SetPriority                       0x080054e5   Thumb Code    44  stm32f4xx_hal_cortex.o(i.__NVIC_SetPriority)
    i.__scatterload_copy                     0x08005510   Section       14  handlers.o(i.__scatterload_copy)
    i.__scatterload_null                     0x0800551e   Section        2  handlers.o(i.__scatterload_null)
    i.__scatterload_zeroinit                 0x08005520   Section       14  handlers.o(i.__scatterload_zeroinit)
    i._printf_core                           0x08005530   Section        0  printf5.o(i._printf_core)
    _printf_core                             0x08005531   Thumb Code   660  printf5.o(i._printf_core)
    i.fputc                                  0x080057f0   Section        0  main.o(i.fputc)
    i.free                                   0x0800580c   Section        0  malloc.o(i.free)
    i.main                                   0x0800585c   Section        0  main.o(i.main)
    i.malloc                                 0x08005930   Section        0  malloc.o(i.malloc)
    .constdata                               0x0800599c   Section       24  system_stm32f4xx.o(.constdata)
    .conststring                             0x080059b4   Section      112  main.o(.conststring)
    .conststring                             0x08005a24   Section       22  usb_device.o(.conststring)
    .conststring                             0x08005a3c   Section       76  usbd_desc.o(.conststring)
    .conststring                             0x08005a88   Section       30  usbd_custom_hid_if.o(.conststring)
    c.USBD_CUSTOM_HID_Setup.0000002a         0x08005ac8   Section       10  usbd_customhid.o(c.USBD_CUSTOM_HID_Setup.0000002a)
    c.USBD_GetDescriptor.00000016            0x08005ad2   Section        8  usbd_ctlreq.o(c.USBD_GetDescriptor.00000016)
    c.USBD_GetDescriptor.00000060            0x08005ada   Section        6  usbd_ctlreq.o(c.USBD_GetDescriptor.00000060)
    c.USBD_StdDevReq.00000032                0x08005ae0   Section       10  usbd_ctlreq.o(c.USBD_StdDevReq.00000032)
    .data                                    0x20000000   Section       15  main.o(.data)
    .data                                    0x20000010   Section        9  stm32f4xx_hal.o(.data)
    .data                                    0x2000001c   Section        4  system_stm32f4xx.o(.data)
    .data                                    0x20000020   Section       78  usbd_desc.o(.data)
    .data                                    0x20000070   Section       52  usbd_custom_hid_if.o(.data)
    CUSTOM_HID_ReportDesc_FS                 0x20000070   Data          35  usbd_custom_hid_if.o(.data)
    .data                                    0x200000a4   Section        1  usbd_ctlreq.o(.data)
    cfgidx                                   0x200000a4   Data           1  usbd_ctlreq.o(.data)
    .data                                    0x200000a8   Section      210  usbd_customhid.o(.data)
    USBD_CUSTOM_HID_CfgFSDesc                0x200000e0   Data          41  usbd_customhid.o(.data)
    USBD_CUSTOM_HID_CfgHSDesc                0x2000010c   Data          41  usbd_customhid.o(.data)
    USBD_CUSTOM_HID_OtherSpeedCfgDesc        0x20000138   Data          41  usbd_customhid.o(.data)
    USBD_CUSTOM_HID_Desc                     0x20000164   Data           9  usbd_customhid.o(.data)
    USBD_CUSTOM_HID_DeviceQualifierDesc      0x20000170   Data          10  usbd_customhid.o(.data)
    .data                                    0x2000017c   Section        4  stdout.o(.data)
    .data                                    0x20000180   Section        4  mvars.o(.data)
    .data                                    0x20000184   Section        4  mvars.o(.data)
    .bss                                     0x20000188   Section        9  main.o(.bss)
    .bss                                     0x20000194   Section       84  i2c.o(.bss)
    .bss                                     0x200001e8   Section      128  usart.o(.bss)
    .bss                                     0x20000268   Section      720  usb_device.o(.bss)
    .bss                                     0x20000538   Section      512  usbd_desc.o(.bss)
    .bss                                     0x20000738   Section      128  usbd_custom_hid_if.o(.bss)
    .bss                                     0x200007b8   Section     1032  usbd_conf.o(.bss)
    HEAP                                     0x20000bc0   Section      512  startup_stm32f401xe.o(HEAP)
    STACK                                    0x20000dc0   Section     1024  startup_stm32f401xe.o(STACK)

    Global Symbols

    Symbol Name                              Value     Ov Type        Size  Object(Section)

    BuildAttributes$$THM_ISAv4$E$P$D$K$B$S$7EM$VFPi3$EXTD16$VFPS$VFMA$PE$A:L22UL41UL21$X:L11$S22US41US21$IEEE1$IW$USESV6$~STKCKD$USESV7$~SHL$OSPACE$ROPI$EBA8$MICROLIB$REQ8$PRES8$EABIv2 0x00000000   Number         0  anon$$obj.o ABSOLUTE
    __ARM_use_no_argv                        0x00000000   Number         0  main.o ABSOLUTE
    _printf_a                                0x00000000   Number         0  stubs.o ABSOLUTE
    _printf_c                                0x00000000   Number         0  stubs.o ABSOLUTE
    _printf_charcount                        0x00000000   Number         0  stubs.o ABSOLUTE
    _printf_d                                0x00000000   Number         0  stubs.o ABSOLUTE
    _printf_e                                0x00000000   Number         0  stubs.o ABSOLUTE
    _printf_f                                0x00000000   Number         0  stubs.o ABSOLUTE
    _printf_flags                            0x00000000   Number         0  stubs.o ABSOLUTE
    _printf_fp_dec                           0x00000000   Number         0  stubs.o ABSOLUTE
    _printf_fp_hex                           0x00000000   Number         0  stubs.o ABSOLUTE
    _printf_g                                0x00000000   Number         0  stubs.o ABSOLUTE
    _printf_i                                0x00000000   Number         0  stubs.o ABSOLUTE
    _printf_int_dec                          0x00000000   Number         0  stubs.o ABSOLUTE
    _printf_l                                0x00000000   Number         0  stubs.o ABSOLUTE
    _printf_lc                               0x00000000   Number         0  stubs.o ABSOLUTE
    _printf_ll                               0x00000000   Number         0  stubs.o ABSOLUTE
    _printf_lld                              0x00000000   Number         0  stubs.o ABSOLUTE
    _printf_lli                              0x00000000   Number         0  stubs.o ABSOLUTE
    _printf_llo                              0x00000000   Number         0  stubs.o ABSOLUTE
    _printf_llu                              0x00000000   Number         0  stubs.o ABSOLUTE
    _printf_llx                              0x00000000   Number         0  stubs.o ABSOLUTE
    _printf_longlong_dec                     0x00000000   Number         0  stubs.o ABSOLUTE
    _printf_longlong_hex                     0x00000000   Number         0  stubs.o ABSOLUTE
    _printf_longlong_oct                     0x00000000   Number         0  stubs.o ABSOLUTE
    _printf_ls                               0x00000000   Number         0  stubs.o ABSOLUTE
    _printf_mbtowc                           0x00000000   Number         0  stubs.o ABSOLUTE
    _printf_n                                0x00000000   Number         0  stubs.o ABSOLUTE
    _printf_o                                0x00000000   Number         0  stubs.o ABSOLUTE
    _printf_p                                0x00000000   Number         0  stubs.o ABSOLUTE
    _printf_percent                          0x00000000   Number         0  stubs.o ABSOLUTE
    _printf_pre_padding                      0x00000000   Number         0  stubs.o ABSOLUTE
    _printf_return_value                     0x00000000   Number         0  stubs.o ABSOLUTE
    _printf_s                                0x00000000   Number         0  stubs.o ABSOLUTE
    _printf_sizespec                         0x00000000   Number         0  stubs.o ABSOLUTE
    _printf_str                              0x00000000   Number         0  stubs.o ABSOLUTE
    _printf_truncate_signed                  0x00000000   Number         0  stubs.o ABSOLUTE
    _printf_truncate_unsigned                0x00000000   Number         0  stubs.o ABSOLUTE
    _printf_u                                0x00000000   Number         0  stubs.o ABSOLUTE
    _printf_wc                               0x00000000   Number         0  stubs.o ABSOLUTE
    _printf_wctomb                           0x00000000   Number         0  stubs.o ABSOLUTE
    _printf_widthprec                        0x00000000   Number         0  stubs.o ABSOLUTE
    _printf_x                                0x00000000   Number         0  stubs.o ABSOLUTE
    __arm_fini_                               - Undefined Weak Reference
    __cpp_initialize__aeabi_                  - Undefined Weak Reference
    __cxa_finalize                            - Undefined Weak Reference
    _clock_init                               - Undefined Weak Reference
    _microlib_exit                            - Undefined Weak Reference
    __Vectors_Size                           0x00000194   Number         0  startup_stm32f401xe.o ABSOLUTE
    __Vectors                                0x08000000   Data           4  startup_stm32f401xe.o(RESET)
    __Vectors_End                            0x08000194   Data           0  startup_stm32f401xe.o(RESET)
    __main                                   0x08000195   Thumb Code     0  entry.o(.ARM.Collect$$$$00000000)
    _main_stk                                0x08000195   Thumb Code     0  entry2.o(.ARM.Collect$$$$00000001)
    _main_scatterload                        0x08000199   Thumb Code     0  entry5.o(.ARM.Collect$$$$00000004)
    __main_after_scatterload                 0x0800019d   Thumb Code     0  entry5.o(.ARM.Collect$$$$00000004)
    _main_clock                              0x0800019d   Thumb Code     0  entry7b.o(.ARM.Collect$$$$00000008)
    _main_cpp_init                           0x0800019d   Thumb Code     0  entry8b.o(.ARM.Collect$$$$0000000A)
    _main_init                               0x0800019d   Thumb Code     0  entry9a.o(.ARM.Collect$$$$0000000B)
    __rt_lib_shutdown_fini                   0x080001a5   Thumb Code     0  entry12b.o(.ARM.Collect$$$$0000000E)
    __rt_final_cpp                           0x080001a9   Thumb Code     0  entry10a.o(.ARM.Collect$$$$0000000F)
    __rt_final_exit                          0x080001a9   Thumb Code     0  entry11a.o(.ARM.Collect$$$$00000011)
    Reset_Handler                            0x080001ad   Thumb Code     8  startup_stm32f401xe.o(.text)
    ADC_IRQHandler                           0x080001c7   Thumb Code     0  startup_stm32f401xe.o(.text)
    DMA1_Stream0_IRQHandler                  0x080001c7   Thumb Code     0  startup_stm32f401xe.o(.text)
    DMA1_Stream1_IRQHandler                  0x080001c7   Thumb Code     0  startup_stm32f401xe.o(.text)
    DMA1_Stream2_IRQHandler                  0x080001c7   Thumb Code     0  startup_stm32f401xe.o(.text)
    DMA1_Stream3_IRQHandler                  0x080001c7   Thumb Code     0  startup_stm32f401xe.o(.text)
    DMA1_Stream4_IRQHandler                  0x080001c7   Thumb Code     0  startup_stm32f401xe.o(.text)
    DMA1_Stream5_IRQHandler                  0x080001c7   Thumb Code     0  startup_stm32f401xe.o(.text)
    DMA1_Stream6_IRQHandler                  0x080001c7   Thumb Code     0  startup_stm32f401xe.o(.text)
    DMA1_Stream7_IRQHandler                  0x080001c7   Thumb Code     0  startup_stm32f401xe.o(.text)
    DMA2_Stream0_IRQHandler                  0x080001c7   Thumb Code     0  startup_stm32f401xe.o(.text)
    DMA2_Stream1_IRQHandler                  0x080001c7   Thumb Code     0  startup_stm32f401xe.o(.text)
    DMA2_Stream2_IRQHandler                  0x080001c7   Thumb Code     0  startup_stm32f401xe.o(.text)
    DMA2_Stream3_IRQHandler                  0x080001c7   Thumb Code     0  startup_stm32f401xe.o(.text)
    DMA2_Stream4_IRQHandler                  0x080001c7   Thumb Code     0  startup_stm32f401xe.o(.text)
    DMA2_Stream5_IRQHandler                  0x080001c7   Thumb Code     0  startup_stm32f401xe.o(.text)
    DMA2_Stream6_IRQHandler                  0x080001c7   Thumb Code     0  startup_stm32f401xe.o(.text)
    DMA2_Stream7_IRQHandler                  0x080001c7   Thumb Code     0  startup_stm32f401xe.o(.text)
    EXTI0_IRQHandler                         0x080001c7   Thumb Code     0  startup_stm32f401xe.o(.text)
    EXTI15_10_IRQHandler                     0x080001c7   Thumb Code     0  startup_stm32f401xe.o(.text)
    EXTI1_IRQHandler                         0x080001c7   Thumb Code     0  startup_stm32f401xe.o(.text)
    EXTI3_IRQHandler                         0x080001c7   Thumb Code     0  startup_stm32f401xe.o(.text)
    EXTI9_5_IRQHandler                       0x080001c7   Thumb Code     0  startup_stm32f401xe.o(.text)
    FLASH_IRQHandler                         0x080001c7   Thumb Code     0  startup_stm32f401xe.o(.text)
    FPU_IRQHandler                           0x080001c7   Thumb Code     0  startup_stm32f401xe.o(.text)
    I2C1_ER_IRQHandler                       0x080001c7   Thumb Code     0  startup_stm32f401xe.o(.text)
    I2C1_EV_IRQHandler                       0x080001c7   Thumb Code     0  startup_stm32f401xe.o(.text)
    I2C2_ER_IRQHandler                       0x080001c7   Thumb Code     0  startup_stm32f401xe.o(.text)
    I2C2_EV_IRQHandler                       0x080001c7   Thumb Code     0  startup_stm32f401xe.o(.text)
    I2C3_ER_IRQHandler                       0x080001c7   Thumb Code     0  startup_stm32f401xe.o(.text)
    I2C3_EV_IRQHandler                       0x080001c7   Thumb Code     0  startup_stm32f401xe.o(.text)
    OTG_FS_WKUP_IRQHandler                   0x080001c7   Thumb Code     0  startup_stm32f401xe.o(.text)
    PVD_IRQHandler                           0x080001c7   Thumb Code     0  startup_stm32f401xe.o(.text)
    RCC_IRQHandler                           0x080001c7   Thumb Code     0  startup_stm32f401xe.o(.text)
    RTC_Alarm_IRQHandler                     0x080001c7   Thumb Code     0  startup_stm32f401xe.o(.text)
    RTC_WKUP_IRQHandler                      0x080001c7   Thumb Code     0  startup_stm32f401xe.o(.text)
    SDIO_IRQHandler                          0x080001c7   Thumb Code     0  startup_stm32f401xe.o(.text)
    SPI1_IRQHandler                          0x080001c7   Thumb Code     0  startup_stm32f401xe.o(.text)
    SPI2_IRQHandler                          0x080001c7   Thumb Code     0  startup_stm32f401xe.o(.text)
    SPI3_IRQHandler                          0x080001c7   Thumb Code     0  startup_stm32f401xe.o(.text)
    SPI4_IRQHandler                          0x080001c7   Thumb Code     0  startup_stm32f401xe.o(.text)
    TAMP_STAMP_IRQHandler                    0x080001c7   Thumb Code     0  startup_stm32f401xe.o(.text)
    TIM1_BRK_TIM9_IRQHandler                 0x080001c7   Thumb Code     0  startup_stm32f401xe.o(.text)
    TIM1_CC_IRQHandler                       0x080001c7   Thumb Code     0  startup_stm32f401xe.o(.text)
    TIM1_TRG_COM_TIM11_IRQHandler            0x080001c7   Thumb Code     0  startup_stm32f401xe.o(.text)
    TIM1_UP_TIM10_IRQHandler                 0x080001c7   Thumb Code     0  startup_stm32f401xe.o(.text)
    TIM2_IRQHandler                          0x080001c7   Thumb Code     0  startup_stm32f401xe.o(.text)
    TIM3_IRQHandler                          0x080001c7   Thumb Code     0  startup_stm32f401xe.o(.text)
    TIM4_IRQHandler                          0x080001c7   Thumb Code     0  startup_stm32f401xe.o(.text)
    TIM5_IRQHandler                          0x080001c7   Thumb Code     0  startup_stm32f401xe.o(.text)
    USART1_IRQHandler                        0x080001c7   Thumb Code     0  startup_stm32f401xe.o(.text)
    WWDG_IRQHandler                          0x080001c7   Thumb Code     0  startup_stm32f401xe.o(.text)
    __aeabi_uldivmod                         0x080001d1   Thumb Code    98  uldiv.o(.text)
    __aeabi_memcpy                           0x08000233   Thumb Code    36  memcpya.o(.text)
    __aeabi_memcpy4                          0x08000233   Thumb Code     0  memcpya.o(.text)
    __aeabi_memcpy8                          0x08000233   Thumb Code     0  memcpya.o(.text)
    __aeabi_memset                           0x08000257   Thumb Code    14  memseta.o(.text)
    __aeabi_memset4                          0x08000257   Thumb Code     0  memseta.o(.text)
    __aeabi_memset8                          0x08000257   Thumb Code     0  memseta.o(.text)
    __aeabi_memclr                           0x08000265   Thumb Code     4  memseta.o(.text)
    __aeabi_memclr4                          0x08000265   Thumb Code     0  memseta.o(.text)
    __aeabi_memclr8                          0x08000265   Thumb Code     0  memseta.o(.text)
    _memset$wrapper                          0x08000269   Thumb Code    18  memseta.o(.text)
    __aeabi_llsl                             0x0800027b   Thumb Code    30  llshl.o(.text)
    _ll_shift_l                              0x0800027b   Thumb Code     0  llshl.o(.text)
    __aeabi_llsr                             0x08000299   Thumb Code    32  llushr.o(.text)
    _ll_ushift_r                             0x08000299   Thumb Code     0  llushr.o(.text)
    __scatterload                            0x080002b9   Thumb Code    28  init.o(.text)
    __scatterload_rt2                        0x080002b9   Thumb Code     0  init.o(.text)
    __decompress                             0x080002dd   Thumb Code     0  __dczerorl2.o(.text)
    __decompress1                            0x080002dd   Thumb Code    86  __dczerorl2.o(.text)
    BusFault_Handler                         0x08000333   Thumb Code     4  stm32f4xx_it.o(i.BusFault_Handler)
    DebugMon_Handler                         0x0800037d   Thumb Code     2  stm32f4xx_it.o(i.DebugMon_Handler)
    EXTI2_IRQHandler                         0x0800037f   Thumb Code    10  stm32f4xx_it.o(i.EXTI2_IRQHandler)
    EXTI4_IRQHandler                         0x08000389   Thumb Code    10  stm32f4xx_it.o(i.EXTI4_IRQHandler)
    Error_Handler                            0x08000393   Thumb Code    18  main.o(i.Error_Handler)
    HAL_DMA_Abort_IT                         0x080003df   Thumb Code    40  stm32f4xx_hal_dma.o(i.HAL_DMA_Abort_IT)
    HAL_Delay                                0x08000407   Thumb Code    42  stm32f4xx_hal.o(i.HAL_Delay)
    HAL_GPIO_EXTI_Callback                   0x08000431   Thumb Code    18  main.o(i.HAL_GPIO_EXTI_Callback)
    HAL_GPIO_EXTI_IRQHandler                 0x08000443   Thumb Code    36  stm32f4xx_hal_gpio.o(i.HAL_GPIO_EXTI_IRQHandler)
    HAL_GPIO_Init                            0x08000467   Thumb Code   514  stm32f4xx_hal_gpio.o(i.HAL_GPIO_Init)
    HAL_GPIO_WritePin                        0x08000669   Thumb Code    12  stm32f4xx_hal_gpio.o(i.HAL_GPIO_WritePin)
    HAL_GetTick                              0x08000675   Thumb Code    12  stm32f4xx_hal.o(i.HAL_GetTick)
    HAL_I2C_Init                             0x08000681   Thumb Code   486  stm32f4xx_hal_i2c.o(i.HAL_I2C_Init)
    HAL_I2C_MspInit                          0x08000867   Thumb Code   218  i2c.o(i.HAL_I2C_MspInit)
    HAL_IncTick                              0x08000941   Thumb Code    34  stm32f4xx_hal.o(i.HAL_IncTick)
    HAL_Init                                 0x08000963   Thumb Code    66  stm32f4xx_hal.o(i.HAL_Init)
    HAL_InitTick                             0x080009a5   Thumb Code    82  stm32f4xx_hal.o(i.HAL_InitTick)
    HAL_MspInit                              0x080009f7   Thumb Code    80  stm32f4xx_hal_msp.o(i.HAL_MspInit)
    HAL_NVIC_EnableIRQ                       0x08000a47   Thumb Code    32  stm32f4xx_hal_cortex.o(i.HAL_NVIC_EnableIRQ)
    HAL_NVIC_SetPriority                     0x08000a67   Thumb Code   124  stm32f4xx_hal_cortex.o(i.HAL_NVIC_SetPriority)
    HAL_NVIC_SetPriorityGrouping             0x08000ae3   Thumb Code    48  stm32f4xx_hal_cortex.o(i.HAL_NVIC_SetPriorityGrouping)
    HAL_PCDEx_LPM_Callback                   0x08000b13   Thumb Code     2  stm32f4xx_hal_pcd_ex.o(i.HAL_PCDEx_LPM_Callback)
    HAL_PCDEx_SetRxFiFo                      0x08000b15   Thumb Code    10  stm32f4xx_hal_pcd_ex.o(i.HAL_PCDEx_SetRxFiFo)
    HAL_PCDEx_SetTxFiFo                      0x08000b1f   Thumb Code    78  stm32f4xx_hal_pcd_ex.o(i.HAL_PCDEx_SetTxFiFo)
    HAL_PCD_ConnectCallback                  0x08000b6d   Thumb Code    14  usbd_conf.o(i.HAL_PCD_ConnectCallback)
    HAL_PCD_DataInStageCallback              0x08000b7b   Thumb Code    32  usbd_conf.o(i.HAL_PCD_DataInStageCallback)
    HAL_PCD_DataOutStageCallback             0x08000b9b   Thumb Code    32  usbd_conf.o(i.HAL_PCD_DataOutStageCallback)
    HAL_PCD_DisconnectCallback               0x08000bbb   Thumb Code    14  usbd_conf.o(i.HAL_PCD_DisconnectCallback)
    HAL_PCD_EP_Close                         0x08000bc9   Thumb Code   106  stm32f4xx_hal_pcd.o(i.HAL_PCD_EP_Close)
    HAL_PCD_EP_ClrStall                      0x08000c33   Thumb Code   124  stm32f4xx_hal_pcd.o(i.HAL_PCD_EP_ClrStall)
    HAL_PCD_EP_Open                          0x08000caf   Thumb Code   140  stm32f4xx_hal_pcd.o(i.HAL_PCD_EP_Open)
    HAL_PCD_EP_Receive                       0x08000d3b   Thumb Code    88  stm32f4xx_hal_pcd.o(i.HAL_PCD_EP_Receive)
    HAL_PCD_EP_SetStall                      0x08000d93   Thumb Code   138  stm32f4xx_hal_pcd.o(i.HAL_PCD_EP_SetStall)
    HAL_PCD_EP_Transmit                      0x08000e1d   Thumb Code    90  stm32f4xx_hal_pcd.o(i.HAL_PCD_EP_Transmit)
    HAL_PCD_IRQHandler                       0x08000e77   Thumb Code  1372  stm32f4xx_hal_pcd.o(i.HAL_PCD_IRQHandler)
    HAL_PCD_ISOINIncompleteCallback          0x080013d3   Thumb Code    18  usbd_conf.o(i.HAL_PCD_ISOINIncompleteCallback)
    HAL_PCD_ISOOUTIncompleteCallback         0x080013e5   Thumb Code    18  usbd_conf.o(i.HAL_PCD_ISOOUTIncompleteCallback)
    HAL_PCD_Init                             0x080013f7   Thumb Code   358  stm32f4xx_hal_pcd.o(i.HAL_PCD_Init)
    HAL_PCD_MspInit                          0x0800155d   Thumb Code   192  usbd_conf.o(i.HAL_PCD_MspInit)
    HAL_PCD_ResetCallback                    0x0800161d   Thumb Code    48  usbd_conf.o(i.HAL_PCD_ResetCallback)
    HAL_PCD_ResumeCallback                   0x0800164d   Thumb Code    14  usbd_conf.o(i.HAL_PCD_ResumeCallback)
    HAL_PCD_SOFCallback                      0x0800165b   Thumb Code    14  usbd_conf.o(i.HAL_PCD_SOFCallback)
    HAL_PCD_SetAddress                       0x08001669   Thumb Code    54  stm32f4xx_hal_pcd.o(i.HAL_PCD_SetAddress)
    HAL_PCD_SetupStageCallback               0x0800169f   Thumb Code    18  usbd_conf.o(i.HAL_PCD_SetupStageCallback)
    HAL_PCD_Start                            0x080016b1   Thumb Code    74  stm32f4xx_hal_pcd.o(i.HAL_PCD_Start)
    HAL_PCD_SuspendCallback                  0x080016fb   Thumb Code    58  usbd_conf.o(i.HAL_PCD_SuspendCallback)
    HAL_RCC_ClockConfig                      0x08001735   Thumb Code   506  stm32f4xx_hal_rcc.o(i.HAL_RCC_ClockConfig)
    HAL_RCC_GetHCLKFreq                      0x0800192f   Thumb Code    12  stm32f4xx_hal_rcc.o(i.HAL_RCC_GetHCLKFreq)
    HAL_RCC_GetPCLK1Freq                     0x0800193b   Thumb Code    34  stm32f4xx_hal_rcc.o(i.HAL_RCC_GetPCLK1Freq)
    HAL_RCC_GetPCLK2Freq                     0x0800195d   Thumb Code    34  stm32f4xx_hal_rcc.o(i.HAL_RCC_GetPCLK2Freq)
    HAL_RCC_GetSysClockFreq                  0x0800197f   Thumb Code   212  stm32f4xx_hal_rcc.o(i.HAL_RCC_GetSysClockFreq)
    HAL_RCC_OscConfig                        0x08001a53   Thumb Code  1380  stm32f4xx_hal_rcc.o(i.HAL_RCC_OscConfig)
    HAL_SYSTICK_Config                       0x08001fb7   Thumb Code    52  stm32f4xx_hal_cortex.o(i.HAL_SYSTICK_Config)
    HAL_UART_ErrorCallback                   0x08001feb   Thumb Code     2  stm32f4xx_hal_uart.o(i.HAL_UART_ErrorCallback)
    HAL_UART_IRQHandler                      0x08001fed   Thumb Code   342  stm32f4xx_hal_uart.o(i.HAL_UART_IRQHandler)
    HAL_UART_Init                            0x08002143   Thumb Code   114  stm32f4xx_hal_uart.o(i.HAL_UART_Init)
    HAL_UART_MspInit                         0x080021b5   Thumb Code   322  usart.o(i.HAL_UART_MspInit)
    HAL_UART_Receive_IT                      0x080022f7   Thumb Code   112  stm32f4xx_hal_uart.o(i.HAL_UART_Receive_IT)
    HAL_UART_RxCpltCallback                  0x08002367   Thumb Code   166  main.o(i.HAL_UART_RxCpltCallback)
    HAL_UART_Transmit                        0x0800240d   Thumb Code   216  stm32f4xx_hal_uart.o(i.HAL_UART_Transmit)
    HAL_UART_TxCpltCallback                  0x080024e5   Thumb Code     2  stm32f4xx_hal_uart.o(i.HAL_UART_TxCpltCallback)
    HardFault_Handler                        0x080024e7   Thumb Code     4  stm32f4xx_it.o(i.HardFault_Handler)
    MX_GPIO_Init                             0x08002529   Thumb Code   458  gpio.o(i.MX_GPIO_Init)
    MX_I2C3_Init                             0x080026f3   Thumb Code    72  i2c.o(i.MX_I2C3_Init)
    MX_USART2_UART_Init                      0x0800273b   Thumb Code    64  usart.o(i.MX_USART2_UART_Init)
    MX_USART6_UART_Init                      0x0800277b   Thumb Code    64  usart.o(i.MX_USART6_UART_Init)
    MX_USB_DEVICE_Init                       0x080027bb   Thumb Code   114  usb_device.o(i.MX_USB_DEVICE_Init)
    MemManage_Handler                        0x0800282d   Thumb Code     4  stm32f4xx_it.o(i.MemManage_Handler)
    NMI_Handler                              0x08002831   Thumb Code     4  stm32f4xx_it.o(i.NMI_Handler)
    OTG_FS_IRQHandler                        0x08002835   Thumb Code    16  stm32f4xx_it.o(i.OTG_FS_IRQHandler)
    PendSV_Handler                           0x08002aeb   Thumb Code     2  stm32f4xx_it.o(i.PendSV_Handler)
    SVC_Handler                              0x08002aed   Thumb Code     2  stm32f4xx_it.o(i.SVC_Handler)
    SysTick_Handler                          0x08002b01   Thumb Code     8  stm32f4xx_it.o(i.SysTick_Handler)
    SystemClock_Config                       0x08002b09   Thumb Code   194  main.o(i.SystemClock_Config)
    SystemInit                               0x08002bcb   Thumb Code    40  system_stm32f4xx.o(i.SystemInit)
    USART2_IRQHandler                        0x080031d5   Thumb Code    38  stm32f4xx_it.o(i.USART2_IRQHandler)
    USART6_IRQHandler                        0x080031fb   Thumb Code    38  stm32f4xx_it.o(i.USART6_IRQHandler)
    USBD_CUSTOM_HID_RegisterInterface        0x08003373   Thumb Code    16  usbd_customhid.o(i.USBD_CUSTOM_HID_RegisterInterface)
    USBD_CUSTOM_HID_SendReport               0x08003383   Thumb Code    64  usbd_customhid.o(i.USBD_CUSTOM_HID_SendReport)
    USBD_CUSTOM_HID_SendReport_FS            0x080033c3   Thumb Code    26  usbd_custom_hid_if.o(i.USBD_CUSTOM_HID_SendReport_FS)
    USBD_ClrClassConfig                      0x08003555   Thumb Code    28  usbd_core.o(i.USBD_ClrClassConfig)
    USBD_CtlContinueRx                       0x080035af   Thumb Code    24  usbd_ioreq.o(i.USBD_CtlContinueRx)
    USBD_CtlContinueSendData                 0x080035c7   Thumb Code    24  usbd_ioreq.o(i.USBD_CtlContinueSendData)
    USBD_CtlError                            0x080035df   Thumb Code    24  usbd_ctlreq.o(i.USBD_CtlError)
    USBD_CtlPrepareRx                        0x080035f7   Thumb Code    40  usbd_ioreq.o(i.USBD_CtlPrepareRx)
    USBD_CtlReceiveStatus                    0x0800361f   Thumb Code    26  usbd_ioreq.o(i.USBD_CtlReceiveStatus)
    USBD_CtlSendData                         0x08003639   Thumb Code    34  usbd_ioreq.o(i.USBD_CtlSendData)
    USBD_CtlSendStatus                       0x0800365b   Thumb Code    26  usbd_ioreq.o(i.USBD_CtlSendStatus)
    USBD_FS_ConfigStrDescriptor              0x08003675   Thumb Code    64  usbd_desc.o(i.USBD_FS_ConfigStrDescriptor)
    USBD_FS_DeviceDescriptor                 0x080036b5   Thumb Code    16  usbd_desc.o(i.USBD_FS_DeviceDescriptor)
    USBD_FS_InterfaceStrDescriptor           0x080036c5   Thumb Code    64  usbd_desc.o(i.USBD_FS_InterfaceStrDescriptor)
    USBD_FS_LangIDStrDescriptor              0x08003705   Thumb Code    16  usbd_desc.o(i.USBD_FS_LangIDStrDescriptor)
    USBD_FS_ManufacturerStrDescriptor        0x08003715   Thumb Code    38  usbd_desc.o(i.USBD_FS_ManufacturerStrDescriptor)
    USBD_FS_ProductStrDescriptor             0x0800373b   Thumb Code    64  usbd_desc.o(i.USBD_FS_ProductStrDescriptor)
    USBD_FS_SerialStrDescriptor              0x0800377b   Thumb Code    24  usbd_desc.o(i.USBD_FS_SerialStrDescriptor)
    USBD_GetString                           0x08003a57   Thumb Code    84  usbd_ctlreq.o(i.USBD_GetString)
    USBD_Get_USB_Status                      0x08003aab   Thumb Code    44  usbd_conf.o(i.USBD_Get_USB_Status)
    USBD_Init                                0x08003ad7   Thumb Code    68  usbd_core.o(i.USBD_Init)
    USBD_LL_ClearStallEP                     0x08003b1b   Thumb Code    38  usbd_conf.o(i.USBD_LL_ClearStallEP)
    USBD_LL_CloseEP                          0x08003b41   Thumb Code    38  usbd_conf.o(i.USBD_LL_CloseEP)
    USBD_LL_DataInStage                      0x08003b67   Thumb Code   230  usbd_core.o(i.USBD_LL_DataInStage)
    USBD_LL_DataOutStage                     0x08003c4d   Thumb Code   146  usbd_core.o(i.USBD_LL_DataOutStage)
    USBD_LL_DevConnected                     0x08003cdf   Thumb Code     6  usbd_core.o(i.USBD_LL_DevConnected)
    USBD_LL_DevDisconnected                  0x08003ce5   Thumb Code    32  usbd_core.o(i.USBD_LL_DevDisconnected)
    USBD_LL_Init                             0x08003d05   Thumb Code   136  usbd_conf.o(i.USBD_LL_Init)
    USBD_LL_IsStallEP                        0x08003d8d   Thumb Code    56  usbd_conf.o(i.USBD_LL_IsStallEP)
    USBD_LL_IsoINIncomplete                  0x08003dc5   Thumb Code     6  usbd_core.o(i.USBD_LL_IsoINIncomplete)
    USBD_LL_IsoOUTIncomplete                 0x08003dcb   Thumb Code     6  usbd_core.o(i.USBD_LL_IsoOUTIncomplete)
    USBD_LL_OpenEP                           0x08003dd1   Thumb Code    48  usbd_conf.o(i.USBD_LL_OpenEP)
    USBD_LL_PrepareReceive                   0x08003e01   Thumb Code    48  usbd_conf.o(i.USBD_LL_PrepareReceive)
    USBD_LL_Reset                            0x08003e31   Thumb Code    90  usbd_core.o(i.USBD_LL_Reset)
    USBD_LL_Resume                           0x08003e8b   Thumb Code    22  usbd_core.o(i.USBD_LL_Resume)
    USBD_LL_SOF                              0x08003ea1   Thumb Code    34  usbd_core.o(i.USBD_LL_SOF)
    USBD_LL_SetSpeed                         0x08003ec3   Thumb Code     8  usbd_core.o(i.USBD_LL_SetSpeed)
    USBD_LL_SetUSBAddress                    0x08003ecb   Thumb Code    38  usbd_conf.o(i.USBD_LL_SetUSBAddress)
    USBD_LL_SetupStage                       0x08003ef1   Thumb Code   118  usbd_core.o(i.USBD_LL_SetupStage)
    USBD_LL_StallEP                          0x08003f67   Thumb Code    38  usbd_conf.o(i.USBD_LL_StallEP)
    USBD_LL_Start                            0x08003f8d   Thumb Code    30  usbd_conf.o(i.USBD_LL_Start)
    USBD_LL_Suspend                          0x08003fab   Thumb Code    20  usbd_core.o(i.USBD_LL_Suspend)
    USBD_LL_Transmit                         0x08003fbf   Thumb Code    48  usbd_conf.o(i.USBD_LL_Transmit)
    USBD_ParseSetupRequest                   0x08003fef   Thumb Code    54  usbd_ctlreq.o(i.USBD_ParseSetupRequest)
    USBD_RegisterClass                       0x08004025   Thumb Code    38  usbd_core.o(i.USBD_RegisterClass)
    USBD_RunTestMode                         0x0800404b   Thumb Code     6  usbd_core.o(i.USBD_RunTestMode)
    USBD_SetClassConfig                      0x080040ab   Thumb Code    32  usbd_core.o(i.USBD_SetClassConfig)
    USBD_Start                               0x0800421f   Thumb Code    12  usbd_core.o(i.USBD_Start)
    USBD_StdDevReq                           0x0800422b   Thumb Code   164  usbd_ctlreq.o(i.USBD_StdDevReq)
    USBD_StdEPReq                            0x080042cf   Thumb Code   554  usbd_ctlreq.o(i.USBD_StdEPReq)
    USBD_StdItfReq                           0x080044f9   Thumb Code   126  usbd_ctlreq.o(i.USBD_StdItfReq)
    USB_ActivateEndpoint                     0x08004577   Thumb Code   206  stm32f4xx_ll_usb.o(i.USB_ActivateEndpoint)
    USB_ActivateSetup                        0x08004645   Thumb Code    40  stm32f4xx_ll_usb.o(i.USB_ActivateSetup)
    USB_CoreInit                             0x0800466d   Thumb Code   132  stm32f4xx_ll_usb.o(i.USB_CoreInit)
    USB_DeactivateEndpoint                   0x08004743   Thumb Code   338  stm32f4xx_ll_usb.o(i.USB_DeactivateEndpoint)
    USB_DevConnect                           0x08004895   Thumb Code    36  stm32f4xx_ll_usb.o(i.USB_DevConnect)
    USB_DevDisconnect                        0x080048b9   Thumb Code    36  stm32f4xx_ll_usb.o(i.USB_DevDisconnect)
    USB_DevInit                              0x080048dd   Thumb Code   482  stm32f4xx_ll_usb.o(i.USB_DevInit)
    USB_DisableGlobalInt                     0x08004abf   Thumb Code    14  stm32f4xx_ll_usb.o(i.USB_DisableGlobalInt)
    USB_EP0StartXfer                         0x08004acd   Thumb Code   482  stm32f4xx_ll_usb.o(i.USB_EP0StartXfer)
    USB_EP0_OutStart                         0x08004caf   Thumb Code   112  stm32f4xx_ll_usb.o(i.USB_EP0_OutStart)
    USB_EPClearStall                         0x08004d1f   Thumb Code   142  stm32f4xx_ll_usb.o(i.USB_EPClearStall)
    USB_EPSetStall                           0x08004dad   Thumb Code   154  stm32f4xx_ll_usb.o(i.USB_EPSetStall)
    USB_EPStartXfer                          0x08004e47   Thumb Code   848  stm32f4xx_ll_usb.o(i.USB_EPStartXfer)
    USB_EnableGlobalInt                      0x08005197   Thumb Code    14  stm32f4xx_ll_usb.o(i.USB_EnableGlobalInt)
    USB_FlushRxFifo                          0x080051a5   Thumb Code    44  stm32f4xx_ll_usb.o(i.USB_FlushRxFifo)
    USB_FlushTxFifo                          0x080051d1   Thumb Code    50  stm32f4xx_ll_usb.o(i.USB_FlushTxFifo)
    USB_GetDevSpeed                          0x08005203   Thumb Code    38  stm32f4xx_ll_usb.o(i.USB_GetDevSpeed)
    USB_GetMode                              0x08005229   Thumb Code    10  stm32f4xx_ll_usb.o(i.USB_GetMode)
    USB_ReadDevAllInEpInterrupt              0x08005233   Thumb Code    20  stm32f4xx_ll_usb.o(i.USB_ReadDevAllInEpInterrupt)
    USB_ReadDevAllOutEpInterrupt             0x08005247   Thumb Code    20  stm32f4xx_ll_usb.o(i.USB_ReadDevAllOutEpInterrupt)
    USB_ReadDevInEPInterrupt                 0x0800525b   Thumb Code    50  stm32f4xx_ll_usb.o(i.USB_ReadDevInEPInterrupt)
    USB_ReadDevOutEPInterrupt                0x0800528d   Thumb Code    26  stm32f4xx_ll_usb.o(i.USB_ReadDevOutEPInterrupt)
    USB_ReadInterrupts                       0x080052a7   Thumb Code    10  stm32f4xx_ll_usb.o(i.USB_ReadInterrupts)
    USB_ReadPacket                           0x080052b1   Thumb Code    34  stm32f4xx_ll_usb.o(i.USB_ReadPacket)
    USB_SetCurrentMode                       0x080052d3   Thumb Code    54  stm32f4xx_ll_usb.o(i.USB_SetCurrentMode)
    USB_SetDevAddress                        0x08005309   Thumb Code    42  stm32f4xx_ll_usb.o(i.USB_SetDevAddress)
    USB_SetDevSpeed                          0x08005333   Thumb Code    18  stm32f4xx_ll_usb.o(i.USB_SetDevSpeed)
    USB_SetTurnaroundTime                    0x08005345   Thumb Code   302  stm32f4xx_ll_usb.o(i.USB_SetTurnaroundTime)
    USB_WritePacket                          0x08005473   Thumb Code    60  stm32f4xx_ll_usb.o(i.USB_WritePacket)
    UsageFault_Handler                       0x080054af   Thumb Code     4  stm32f4xx_it.o(i.UsageFault_Handler)
    __0printf$5                              0x080054b5   Thumb Code    22  printf5.o(i.__0printf$5)
    __1printf$5                              0x080054b5   Thumb Code     0  printf5.o(i.__0printf$5)
    __2printf                                0x080054b5   Thumb Code     0  printf5.o(i.__0printf$5)
    __scatterload_copy                       0x08005511   Thumb Code    14  handlers.o(i.__scatterload_copy)
    __scatterload_null                       0x0800551f   Thumb Code     2  handlers.o(i.__scatterload_null)
    __scatterload_zeroinit                   0x08005521   Thumb Code    14  handlers.o(i.__scatterload_zeroinit)
    fputc                                    0x080057f1   Thumb Code    28  main.o(i.fputc)
    free                                     0x0800580d   Thumb Code    76  malloc.o(i.free)
    main                                     0x0800585d   Thumb Code   210  main.o(i.main)
    malloc                                   0x08005931   Thumb Code    92  malloc.o(i.malloc)
    AHBPrescTable                            0x0800599c   Data          16  system_stm32f4xx.o(.constdata)
    APBPrescTable                            0x080059ac   Data           8  system_stm32f4xx.o(.constdata)
    Region$$Table$$Base                      0x08005aa8   Number         0  anon$$obj.o(Region$$Table)
    Region$$Table$$Limit                     0x08005ac8   Number         0  anon$$obj.o(Region$$Table)
    EMR_INT                                  0x20000000   Data           1  main.o(.data)
    pData                                    0x20000001   Data           8  main.o(.data)
    aRxBuffer                                0x20000009   Data           5  main.o(.data)
    i                                        0x2000000e   Data           1  main.o(.data)
    uwTick                                   0x20000010   Data           4  stm32f4xx_hal.o(.data)
    uwTickPrio                               0x20000014   Data           4  stm32f4xx_hal.o(.data)
    uwTickFreq                               0x20000018   Data           1  stm32f4xx_hal.o(.data)
    SystemCoreClock                          0x2000001c   Data           4  system_stm32f4xx.o(.data)
    FS_Desc                                  0x20000020   Data          28  usbd_desc.o(.data)
    USBD_FS_DeviceDesc                       0x2000003c   Data          18  usbd_desc.o(.data)
    USBD_LangIDDesc                          0x20000050   Data           4  usbd_desc.o(.data)
    USBD_StringSerial                        0x20000054   Data          26  usbd_desc.o(.data)
    USBD_CustomHID_fops_FS                   0x20000094   Data          16  usbd_custom_hid_if.o(.data)
    USBD_CUSTOM_HID                          0x200000a8   Data          56  usbd_customhid.o(.data)
    __stdout                                 0x2000017c   Data           4  stdout.o(.data)
    __microlib_freelist                      0x20000180   Data           4  mvars.o(.data)
    __microlib_freelist_initialised          0x20000184   Data           4  mvars.o(.data)
    send_data                                0x20000188   Data           9  main.o(.bss)
    hi2c3                                    0x20000194   Data          84  i2c.o(.bss)
    huart2                                   0x200001e8   Data          64  usart.o(.bss)
    huart6                                   0x20000228   Data          64  usart.o(.bss)
    hUsbDeviceFS                             0x20000268   Data         720  usb_device.o(.bss)
    USBD_StrDesc                             0x20000538   Data         512  usbd_desc.o(.bss)
    buffer                                   0x20000738   Data         128  usbd_custom_hid_if.o(.bss)
    hpcd_USB_OTG_FS                          0x200007b8   Data        1032  usbd_conf.o(.bss)
    __heap_base                              0x20000bc0   Data           0  startup_stm32f401xe.o(HEAP)
    __heap_limit                             0x20000dc0   Data           0  startup_stm32f401xe.o(HEAP)
    __initial_sp                             0x200011c0   Data           0  startup_stm32f401xe.o(STACK)



==============================================================================

Memory Map of the image

  Image Entry point : 0x08000195

  Load Region LR_IROM1 (Base: 0x08000000, Size: 0x00005c74, Max: 0x00080000, ABSOLUTE, COMPRESSED[0x00005bb0])

    Execution Region ER_IROM1 (Exec base: 0x08000000, Load base: 0x08000000, Size: 0x00005aec, Max: 0x00080000, ABSOLUTE)

    Exec Addr    Load Addr    Size         Type   Attr      Idx    E Section Name        Object

    0x08000000   0x08000000   0x00000194   Data   RO            3    RESET               startup_stm32f401xe.o
    0x08000194   0x08000194   0x00000000   Code   RO         3966  * .ARM.Collect$$$$00000000  mc_w.l(entry.o)
    0x08000194   0x08000194   0x00000004   Code   RO         4266    .ARM.Collect$$$$00000001  mc_w.l(entry2.o)
    0x08000198   0x08000198   0x00000004   Code   RO         4269    .ARM.Collect$$$$00000004  mc_w.l(entry5.o)
    0x0800019c   0x0800019c   0x00000000   Code   RO         4271    .ARM.Collect$$$$00000008  mc_w.l(entry7b.o)
    0x0800019c   0x0800019c   0x00000000   Code   RO         4273    .ARM.Collect$$$$0000000A  mc_w.l(entry8b.o)
    0x0800019c   0x0800019c   0x00000008   Code   RO         4274    .ARM.Collect$$$$0000000B  mc_w.l(entry9a.o)
    0x080001a4   0x080001a4   0x00000004   Code   RO         4281    .ARM.Collect$$$$0000000E  mc_w.l(entry12b.o)
    0x080001a8   0x080001a8   0x00000000   Code   RO         4276    .ARM.Collect$$$$0000000F  mc_w.l(entry10a.o)
    0x080001a8   0x080001a8   0x00000000   Code   RO         4278    .ARM.Collect$$$$00000011  mc_w.l(entry11a.o)
    0x080001a8   0x080001a8   0x00000004   Code   RO         4267    .ARM.Collect$$$$00002712  mc_w.l(entry2.o)
    0x080001ac   0x080001ac   0x00000024   Code   RO            4    .text               startup_stm32f401xe.o
    0x080001d0   0x080001d0   0x00000062   Code   RO         3969    .text               mc_w.l(uldiv.o)
    0x08000232   0x08000232   0x00000024   Code   RO         3971    .text               mc_w.l(memcpya.o)
    0x08000256   0x08000256   0x00000024   Code   RO         3973    .text               mc_w.l(memseta.o)
    0x0800027a   0x0800027a   0x0000001e   Code   RO         4285    .text               mc_w.l(llshl.o)
    0x08000298   0x08000298   0x00000020   Code   RO         4287    .text               mc_w.l(llushr.o)
    0x080002b8   0x080002b8   0x00000024   Code   RO         4302    .text               mc_w.l(init.o)
    0x080002dc   0x080002dc   0x00000056   Code   RO         4316    .text               mc_w.l(__dczerorl2.o)
    0x08000332   0x08000332   0x00000004   Code   RO          349    i.BusFault_Handler  stm32f4xx_it.o
    0x08000336   0x08000336   0x00000004   Code   RO         3329    i.CUSTOM_HID_DeInit_FS  usbd_custom_hid_if.o
    0x0800033a   0x0800033a   0x00000004   Code   RO         3330    i.CUSTOM_HID_Init_FS  usbd_custom_hid_if.o
    0x0800033e   0x0800033e   0x0000003e   Code   RO         3331    i.CUSTOM_HID_OutEvent_FS  usbd_custom_hid_if.o
    0x0800037c   0x0800037c   0x00000002   Code   RO          350    i.DebugMon_Handler  stm32f4xx_it.o
    0x0800037e   0x0800037e   0x0000000a   Code   RO          351    i.EXTI2_IRQHandler  stm32f4xx_it.o
    0x08000388   0x08000388   0x0000000a   Code   RO          352    i.EXTI4_IRQHandler  stm32f4xx_it.o
    0x08000392   0x08000392   0x00000012   Code   RO           13    i.Error_Handler     main.o
    0x080003a4   0x080003a4   0x0000003a   Code   RO         3238    i.Get_SerialNum     usbd_desc.o
    0x080003de   0x080003de   0x00000028   Code   RO         1600    i.HAL_DMA_Abort_IT  stm32f4xx_hal_dma.o
    0x08000406   0x08000406   0x0000002a   Code   RO         2049    i.HAL_Delay         stm32f4xx_hal.o
    0x08000430   0x08000430   0x00000012   Code   RO           14    i.HAL_GPIO_EXTI_Callback  main.o
    0x08000442   0x08000442   0x00000024   Code   RO         1491    i.HAL_GPIO_EXTI_IRQHandler  stm32f4xx_hal_gpio.o
    0x08000466   0x08000466   0x00000202   Code   RO         1492    i.HAL_GPIO_Init     stm32f4xx_hal_gpio.o
    0x08000668   0x08000668   0x0000000c   Code   RO         1496    i.HAL_GPIO_WritePin  stm32f4xx_hal_gpio.o
    0x08000674   0x08000674   0x0000000c   Code   RO         2055    i.HAL_GetTick       stm32f4xx_hal.o
    0x08000680   0x08000680   0x000001e6   Code   RO         2311    i.HAL_I2C_Init      stm32f4xx_hal_i2c.o
    0x08000866   0x08000866   0x000000da   Code   RO          260    i.HAL_I2C_MspInit   i2c.o
    0x08000940   0x08000940   0x00000022   Code   RO         2061    i.HAL_IncTick       stm32f4xx_hal.o
    0x08000962   0x08000962   0x00000042   Code   RO         2062    i.HAL_Init          stm32f4xx_hal.o
    0x080009a4   0x080009a4   0x00000052   Code   RO         2063    i.HAL_InitTick      stm32f4xx_hal.o
    0x080009f6   0x080009f6   0x00000050   Code   RO          455    i.HAL_MspInit       stm32f4xx_hal_msp.o
    0x08000a46   0x08000a46   0x00000020   Code   RO         1907    i.HAL_NVIC_EnableIRQ  stm32f4xx_hal_cortex.o
    0x08000a66   0x08000a66   0x0000007c   Code   RO         1913    i.HAL_NVIC_SetPriority  stm32f4xx_hal_cortex.o
    0x08000ae2   0x08000ae2   0x00000030   Code   RO         1914    i.HAL_NVIC_SetPriorityGrouping  stm32f4xx_hal_cortex.o
    0x08000b12   0x08000b12   0x00000002   Code   RO          711    i.HAL_PCDEx_LPM_Callback  stm32f4xx_hal_pcd_ex.o
    0x08000b14   0x08000b14   0x0000000a   Code   RO          712    i.HAL_PCDEx_SetRxFiFo  stm32f4xx_hal_pcd_ex.o
    0x08000b1e   0x08000b1e   0x0000004e   Code   RO          713    i.HAL_PCDEx_SetTxFiFo  stm32f4xx_hal_pcd_ex.o
    0x08000b6c   0x08000b6c   0x0000000e   Code   RO         3377    i.HAL_PCD_ConnectCallback  usbd_conf.o
    0x08000b7a   0x08000b7a   0x00000020   Code   RO         3378    i.HAL_PCD_DataInStageCallback  usbd_conf.o
    0x08000b9a   0x08000b9a   0x00000020   Code   RO         3379    i.HAL_PCD_DataOutStageCallback  usbd_conf.o
    0x08000bba   0x08000bba   0x0000000e   Code   RO         3380    i.HAL_PCD_DisconnectCallback  usbd_conf.o
    0x08000bc8   0x08000bc8   0x0000006a   Code   RO          488    i.HAL_PCD_EP_Close  stm32f4xx_hal_pcd.o
    0x08000c32   0x08000c32   0x0000007c   Code   RO          489    i.HAL_PCD_EP_ClrStall  stm32f4xx_hal_pcd.o
    0x08000cae   0x08000cae   0x0000008c   Code   RO          492    i.HAL_PCD_EP_Open   stm32f4xx_hal_pcd.o
    0x08000d3a   0x08000d3a   0x00000058   Code   RO          493    i.HAL_PCD_EP_Receive  stm32f4xx_hal_pcd.o
    0x08000d92   0x08000d92   0x0000008a   Code   RO          494    i.HAL_PCD_EP_SetStall  stm32f4xx_hal_pcd.o
    0x08000e1c   0x08000e1c   0x0000005a   Code   RO          495    i.HAL_PCD_EP_Transmit  stm32f4xx_hal_pcd.o
    0x08000e76   0x08000e76   0x0000055c   Code   RO          497    i.HAL_PCD_IRQHandler  stm32f4xx_hal_pcd.o
    0x080013d2   0x080013d2   0x00000012   Code   RO         3381    i.HAL_PCD_ISOINIncompleteCallback  usbd_conf.o
    0x080013e4   0x080013e4   0x00000012   Code   RO         3382    i.HAL_PCD_ISOOUTIncompleteCallback  usbd_conf.o
    0x080013f6   0x080013f6   0x00000166   Code   RO          500    i.HAL_PCD_Init      stm32f4xx_hal_pcd.o
    0x0800155c   0x0800155c   0x000000c0   Code   RO         3384    i.HAL_PCD_MspInit   usbd_conf.o
    0x0800161c   0x0800161c   0x00000030   Code   RO         3385    i.HAL_PCD_ResetCallback  usbd_conf.o
    0x0800164c   0x0800164c   0x0000000e   Code   RO         3386    i.HAL_PCD_ResumeCallback  usbd_conf.o
    0x0800165a   0x0800165a   0x0000000e   Code   RO         3387    i.HAL_PCD_SOFCallback  usbd_conf.o
    0x08001668   0x08001668   0x00000036   Code   RO          506    i.HAL_PCD_SetAddress  stm32f4xx_hal_pcd.o
    0x0800169e   0x0800169e   0x00000012   Code   RO         3388    i.HAL_PCD_SetupStageCallback  usbd_conf.o
    0x080016b0   0x080016b0   0x0000004a   Code   RO          508    i.HAL_PCD_Start     stm32f4xx_hal_pcd.o
    0x080016fa   0x080016fa   0x0000003a   Code   RO         3389    i.HAL_PCD_SuspendCallback  usbd_conf.o
    0x08001734   0x08001734   0x000001fa   Code   RO         1059    i.HAL_RCC_ClockConfig  stm32f4xx_hal_rcc.o
    0x0800192e   0x0800192e   0x0000000c   Code   RO         1064    i.HAL_RCC_GetHCLKFreq  stm32f4xx_hal_rcc.o
    0x0800193a   0x0800193a   0x00000022   Code   RO         1066    i.HAL_RCC_GetPCLK1Freq  stm32f4xx_hal_rcc.o
    0x0800195c   0x0800195c   0x00000022   Code   RO         1067    i.HAL_RCC_GetPCLK2Freq  stm32f4xx_hal_rcc.o
    0x0800197e   0x0800197e   0x000000d4   Code   RO         1068    i.HAL_RCC_GetSysClockFreq  stm32f4xx_hal_rcc.o
    0x08001a52   0x08001a52   0x00000564   Code   RO         1071    i.HAL_RCC_OscConfig  stm32f4xx_hal_rcc.o
    0x08001fb6   0x08001fb6   0x00000034   Code   RO         1918    i.HAL_SYSTICK_Config  stm32f4xx_hal_cortex.o
    0x08001fea   0x08001fea   0x00000002   Code   RO         2859    i.HAL_UART_ErrorCallback  stm32f4xx_hal_uart.o
    0x08001fec   0x08001fec   0x00000156   Code   RO         2862    i.HAL_UART_IRQHandler  stm32f4xx_hal_uart.o
    0x08002142   0x08002142   0x00000072   Code   RO         2863    i.HAL_UART_Init     stm32f4xx_hal_uart.o
    0x080021b4   0x080021b4   0x00000142   Code   RO          302    i.HAL_UART_MspInit  usart.o
    0x080022f6   0x080022f6   0x00000070   Code   RO         2868    i.HAL_UART_Receive_IT  stm32f4xx_hal_uart.o
    0x08002366   0x08002366   0x000000a6   Code   RO           15    i.HAL_UART_RxCpltCallback  main.o
    0x0800240c   0x0800240c   0x000000d8   Code   RO         2871    i.HAL_UART_Transmit  stm32f4xx_hal_uart.o
    0x080024e4   0x080024e4   0x00000002   Code   RO         2874    i.HAL_UART_TxCpltCallback  stm32f4xx_hal_uart.o
    0x080024e6   0x080024e6   0x00000004   Code   RO          353    i.HardFault_Handler  stm32f4xx_it.o
    0x080024ea   0x080024ea   0x0000003e   Code   RO         3239    i.IntToUnicode      usbd_desc.o
    0x08002528   0x08002528   0x000001ca   Code   RO          232    i.MX_GPIO_Init      gpio.o
    0x080026f2   0x080026f2   0x00000048   Code   RO          261    i.MX_I2C3_Init      i2c.o
    0x0800273a   0x0800273a   0x00000040   Code   RO          303    i.MX_USART2_UART_Init  usart.o
    0x0800277a   0x0800277a   0x00000040   Code   RO          304    i.MX_USART6_UART_Init  usart.o
    0x080027ba   0x080027ba   0x00000072   Code   RO         3206    i.MX_USB_DEVICE_Init  usb_device.o
    0x0800282c   0x0800282c   0x00000004   Code   RO          354    i.MemManage_Handler  stm32f4xx_it.o
    0x08002830   0x08002830   0x00000004   Code   RO          355    i.NMI_Handler       stm32f4xx_it.o
    0x08002834   0x08002834   0x00000010   Code   RO          356    i.OTG_FS_IRQHandler  stm32f4xx_it.o
    0x08002844   0x08002844   0x0000006a   Code   RO          512    i.PCD_EP_OutSetupPacket_int  stm32f4xx_hal_pcd.o
    0x080028ae   0x080028ae   0x00000186   Code   RO          513    i.PCD_EP_OutXfrComplete_int  stm32f4xx_hal_pcd.o
    0x08002a34   0x08002a34   0x000000b6   Code   RO          514    i.PCD_WriteEmptyTxFifo  stm32f4xx_hal_pcd.o
    0x08002aea   0x08002aea   0x00000002   Code   RO          357    i.PendSV_Handler    stm32f4xx_it.o
    0x08002aec   0x08002aec   0x00000002   Code   RO          358    i.SVC_Handler       stm32f4xx_it.o
    0x08002aee   0x08002aee   0x00000012   Code   RO         3710    i.SWAPBYTE          usbd_ctlreq.o
    0x08002b00   0x08002b00   0x00000008   Code   RO          359    i.SysTick_Handler   stm32f4xx_it.o
    0x08002b08   0x08002b08   0x000000c2   Code   RO           17    i.SystemClock_Config  main.o
    0x08002bca   0x08002bca   0x00000028   Code   RO         3170    i.SystemInit        system_stm32f4xx.o
    0x08002bf2   0x08002bf2   0x00000014   Code   RO         2876    i.UART_DMAAbortOnError  stm32f4xx_hal_uart.o
    0x08002c06   0x08002c06   0x00000020   Code   RO         2886    i.UART_EndRxTransfer  stm32f4xx_hal_uart.o
    0x08002c26   0x08002c26   0x00000020   Code   RO         2887    i.UART_EndTransmit_IT  stm32f4xx_hal_uart.o
    0x08002c46   0x08002c46   0x000000a6   Code   RO         2889    i.UART_Receive_IT   stm32f4xx_hal_uart.o
    0x08002cec   0x08002cec   0x00000414   Code   RO         2890    i.UART_SetConfig    stm32f4xx_hal_uart.o
    0x08003100   0x08003100   0x00000068   Code   RO         2891    i.UART_Transmit_IT  stm32f4xx_hal_uart.o
    0x08003168   0x08003168   0x0000006c   Code   RO         2892    i.UART_WaitOnFlagUntilTimeout  stm32f4xx_hal_uart.o
    0x080031d4   0x080031d4   0x00000026   Code   RO          360    i.USART2_IRQHandler  stm32f4xx_it.o
    0x080031fa   0x080031fa   0x00000026   Code   RO          361    i.USART6_IRQHandler  stm32f4xx_it.o
    0x08003220   0x08003220   0x0000000c   Code   RO         3876    i.USBD_CUSTOM_HID_DataIn  usbd_customhid.o
    0x0800322c   0x0800322c   0x0000002e   Code   RO         3877    i.USBD_CUSTOM_HID_DataOut  usbd_customhid.o
    0x0800325a   0x0800325a   0x00000046   Code   RO         3878    i.USBD_CUSTOM_HID_DeInit  usbd_customhid.o
    0x080032a0   0x080032a0   0x00000020   Code   RO         3879    i.USBD_CUSTOM_HID_EP0_RxReady  usbd_customhid.o
    0x080032c0   0x080032c0   0x00000010   Code   RO         3880    i.USBD_CUSTOM_HID_GetDeviceQualifierDesc  usbd_customhid.o
    0x080032d0   0x080032d0   0x00000010   Code   RO         3881    i.USBD_CUSTOM_HID_GetFSCfgDesc  usbd_customhid.o
    0x080032e0   0x080032e0   0x00000010   Code   RO         3882    i.USBD_CUSTOM_HID_GetHSCfgDesc  usbd_customhid.o
    0x080032f0   0x080032f0   0x00000010   Code   RO         3883    i.USBD_CUSTOM_HID_GetOtherSpeedCfgDesc  usbd_customhid.o
    0x08003300   0x08003300   0x00000072   Code   RO         3884    i.USBD_CUSTOM_HID_Init  usbd_customhid.o
    0x08003372   0x08003372   0x00000010   Code   RO         3886    i.USBD_CUSTOM_HID_RegisterInterface  usbd_customhid.o
    0x08003382   0x08003382   0x00000040   Code   RO         3887    i.USBD_CUSTOM_HID_SendReport  usbd_customhid.o
    0x080033c2   0x080033c2   0x0000001a   Code   RO         3332    i.USBD_CUSTOM_HID_SendReport_FS  usbd_custom_hid_if.o
    0x080033dc   0x080033dc   0x00000178   Code   RO         3888    i.USBD_CUSTOM_HID_Setup  usbd_customhid.o
    0x08003554   0x08003554   0x0000001c   Code   RO         3572    i.USBD_ClrClassConfig  usbd_core.o
    0x08003570   0x08003570   0x0000003e   Code   RO         3711    i.USBD_ClrFeature   usbd_ctlreq.o
    0x080035ae   0x080035ae   0x00000018   Code   RO         3816    i.USBD_CtlContinueRx  usbd_ioreq.o
    0x080035c6   0x080035c6   0x00000018   Code   RO         3817    i.USBD_CtlContinueSendData  usbd_ioreq.o
    0x080035de   0x080035de   0x00000018   Code   RO         3712    i.USBD_CtlError     usbd_ctlreq.o
    0x080035f6   0x080035f6   0x00000028   Code   RO         3818    i.USBD_CtlPrepareRx  usbd_ioreq.o
    0x0800361e   0x0800361e   0x0000001a   Code   RO         3819    i.USBD_CtlReceiveStatus  usbd_ioreq.o
    0x08003638   0x08003638   0x00000022   Code   RO         3820    i.USBD_CtlSendData  usbd_ioreq.o
    0x0800365a   0x0800365a   0x0000001a   Code   RO         3821    i.USBD_CtlSendStatus  usbd_ioreq.o
    0x08003674   0x08003674   0x00000040   Code   RO         3240    i.USBD_FS_ConfigStrDescriptor  usbd_desc.o
    0x080036b4   0x080036b4   0x00000010   Code   RO         3241    i.USBD_FS_DeviceDescriptor  usbd_desc.o
    0x080036c4   0x080036c4   0x00000040   Code   RO         3242    i.USBD_FS_InterfaceStrDescriptor  usbd_desc.o
    0x08003704   0x08003704   0x00000010   Code   RO         3243    i.USBD_FS_LangIDStrDescriptor  usbd_desc.o
    0x08003714   0x08003714   0x00000026   Code   RO         3244    i.USBD_FS_ManufacturerStrDescriptor  usbd_desc.o
    0x0800373a   0x0800373a   0x00000040   Code   RO         3245    i.USBD_FS_ProductStrDescriptor  usbd_desc.o
    0x0800377a   0x0800377a   0x00000018   Code   RO         3246    i.USBD_FS_SerialStrDescriptor  usbd_desc.o
    0x08003792   0x08003792   0x00000056   Code   RO         3713    i.USBD_GetConfig    usbd_ctlreq.o
    0x080037e8   0x080037e8   0x000001fe   Code   RO         3714    i.USBD_GetDescriptor  usbd_ctlreq.o
    0x080039e6   0x080039e6   0x00000016   Code   RO         3715    i.USBD_GetLen       usbd_ctlreq.o
    0x080039fc   0x080039fc   0x0000005a   Code   RO         3716    i.USBD_GetStatus    usbd_ctlreq.o
    0x08003a56   0x08003a56   0x00000054   Code   RO         3717    i.USBD_GetString    usbd_ctlreq.o
    0x08003aaa   0x08003aaa   0x0000002c   Code   RO         3390    i.USBD_Get_USB_Status  usbd_conf.o
    0x08003ad6   0x08003ad6   0x00000044   Code   RO         3574    i.USBD_Init         usbd_core.o
    0x08003b1a   0x08003b1a   0x00000026   Code   RO         3391    i.USBD_LL_ClearStallEP  usbd_conf.o
    0x08003b40   0x08003b40   0x00000026   Code   RO         3392    i.USBD_LL_CloseEP   usbd_conf.o
    0x08003b66   0x08003b66   0x000000e6   Code   RO         3575    i.USBD_LL_DataInStage  usbd_core.o
    0x08003c4c   0x08003c4c   0x00000092   Code   RO         3576    i.USBD_LL_DataOutStage  usbd_core.o
    0x08003cde   0x08003cde   0x00000006   Code   RO         3577    i.USBD_LL_DevConnected  usbd_core.o
    0x08003ce4   0x08003ce4   0x00000020   Code   RO         3578    i.USBD_LL_DevDisconnected  usbd_core.o
    0x08003d04   0x08003d04   0x00000088   Code   RO         3397    i.USBD_LL_Init      usbd_conf.o
    0x08003d8c   0x08003d8c   0x00000038   Code   RO         3398    i.USBD_LL_IsStallEP  usbd_conf.o
    0x08003dc4   0x08003dc4   0x00000006   Code   RO         3579    i.USBD_LL_IsoINIncomplete  usbd_core.o
    0x08003dca   0x08003dca   0x00000006   Code   RO         3580    i.USBD_LL_IsoOUTIncomplete  usbd_core.o
    0x08003dd0   0x08003dd0   0x00000030   Code   RO         3399    i.USBD_LL_OpenEP    usbd_conf.o
    0x08003e00   0x08003e00   0x00000030   Code   RO         3400    i.USBD_LL_PrepareReceive  usbd_conf.o
    0x08003e30   0x08003e30   0x0000005a   Code   RO         3581    i.USBD_LL_Reset     usbd_core.o
    0x08003e8a   0x08003e8a   0x00000016   Code   RO         3582    i.USBD_LL_Resume    usbd_core.o
    0x08003ea0   0x08003ea0   0x00000022   Code   RO         3583    i.USBD_LL_SOF       usbd_core.o
    0x08003ec2   0x08003ec2   0x00000008   Code   RO         3584    i.USBD_LL_SetSpeed  usbd_core.o
    0x08003eca   0x08003eca   0x00000026   Code   RO         3401    i.USBD_LL_SetUSBAddress  usbd_conf.o
    0x08003ef0   0x08003ef0   0x00000076   Code   RO         3585    i.USBD_LL_SetupStage  usbd_core.o
    0x08003f66   0x08003f66   0x00000026   Code   RO         3402    i.USBD_LL_StallEP   usbd_conf.o
    0x08003f8c   0x08003f8c   0x0000001e   Code   RO         3403    i.USBD_LL_Start     usbd_conf.o
    0x08003faa   0x08003faa   0x00000014   Code   RO         3586    i.USBD_LL_Suspend   usbd_core.o
    0x08003fbe   0x08003fbe   0x00000030   Code   RO         3405    i.USBD_LL_Transmit  usbd_conf.o
    0x08003fee   0x08003fee   0x00000036   Code   RO         3718    i.USBD_ParseSetupRequest  usbd_ctlreq.o
    0x08004024   0x08004024   0x00000026   Code   RO         3587    i.USBD_RegisterClass  usbd_core.o
    0x0800404a   0x0800404a   0x00000006   Code   RO         3588    i.USBD_RunTestMode  usbd_core.o
    0x08004050   0x08004050   0x0000005a   Code   RO         3719    i.USBD_SetAddress   usbd_ctlreq.o
    0x080040aa   0x080040aa   0x00000020   Code   RO         3589    i.USBD_SetClassConfig  usbd_core.o
    0x080040ca   0x080040ca   0x0000013c   Code   RO         3720    i.USBD_SetConfig    usbd_ctlreq.o
    0x08004206   0x08004206   0x00000018   Code   RO         3721    i.USBD_SetFeature   usbd_ctlreq.o
    0x0800421e   0x0800421e   0x0000000c   Code   RO         3590    i.USBD_Start        usbd_core.o
    0x0800422a   0x0800422a   0x000000a4   Code   RO         3722    i.USBD_StdDevReq    usbd_ctlreq.o
    0x080042ce   0x080042ce   0x0000022a   Code   RO         3723    i.USBD_StdEPReq     usbd_ctlreq.o
    0x080044f8   0x080044f8   0x0000007e   Code   RO         3724    i.USBD_StdItfReq    usbd_ctlreq.o
    0x08004576   0x08004576   0x000000ce   Code   RO          753    i.USB_ActivateEndpoint  stm32f4xx_ll_usb.o
    0x08004644   0x08004644   0x00000028   Code   RO          755    i.USB_ActivateSetup  stm32f4xx_ll_usb.o
    0x0800466c   0x0800466c   0x00000084   Code   RO          757    i.USB_CoreInit      stm32f4xx_ll_usb.o
    0x080046f0   0x080046f0   0x00000052   Code   RO          758    i.USB_CoreReset     stm32f4xx_ll_usb.o
    0x08004742   0x08004742   0x00000152   Code   RO          761    i.USB_DeactivateEndpoint  stm32f4xx_ll_usb.o
    0x08004894   0x08004894   0x00000024   Code   RO          762    i.USB_DevConnect    stm32f4xx_ll_usb.o
    0x080048b8   0x080048b8   0x00000024   Code   RO          763    i.USB_DevDisconnect  stm32f4xx_ll_usb.o
    0x080048dc   0x080048dc   0x000001e2   Code   RO          764    i.USB_DevInit       stm32f4xx_ll_usb.o
    0x08004abe   0x08004abe   0x0000000e   Code   RO          765    i.USB_DisableGlobalInt  stm32f4xx_ll_usb.o
    0x08004acc   0x08004acc   0x000001e2   Code   RO          768    i.USB_EP0StartXfer  stm32f4xx_ll_usb.o
    0x08004cae   0x08004cae   0x00000070   Code   RO          769    i.USB_EP0_OutStart  stm32f4xx_ll_usb.o
    0x08004d1e   0x08004d1e   0x0000008e   Code   RO          770    i.USB_EPClearStall  stm32f4xx_ll_usb.o
    0x08004dac   0x08004dac   0x0000009a   Code   RO          771    i.USB_EPSetStall    stm32f4xx_ll_usb.o
    0x08004e46   0x08004e46   0x00000350   Code   RO          772    i.USB_EPStartXfer   stm32f4xx_ll_usb.o
    0x08005196   0x08005196   0x0000000e   Code   RO          773    i.USB_EnableGlobalInt  stm32f4xx_ll_usb.o
    0x080051a4   0x080051a4   0x0000002c   Code   RO          774    i.USB_FlushRxFifo   stm32f4xx_ll_usb.o
    0x080051d0   0x080051d0   0x00000032   Code   RO          775    i.USB_FlushTxFifo   stm32f4xx_ll_usb.o
    0x08005202   0x08005202   0x00000026   Code   RO          777    i.USB_GetDevSpeed   stm32f4xx_ll_usb.o
    0x08005228   0x08005228   0x0000000a   Code   RO          779    i.USB_GetMode       stm32f4xx_ll_usb.o
    0x08005232   0x08005232   0x00000014   Code   RO          786    i.USB_ReadDevAllInEpInterrupt  stm32f4xx_ll_usb.o
    0x08005246   0x08005246   0x00000014   Code   RO          787    i.USB_ReadDevAllOutEpInterrupt  stm32f4xx_ll_usb.o
    0x0800525a   0x0800525a   0x00000032   Code   RO          788    i.USB_ReadDevInEPInterrupt  stm32f4xx_ll_usb.o
    0x0800528c   0x0800528c   0x0000001a   Code   RO          789    i.USB_ReadDevOutEPInterrupt  stm32f4xx_ll_usb.o
    0x080052a6   0x080052a6   0x0000000a   Code   RO          790    i.USB_ReadInterrupts  stm32f4xx_ll_usb.o
    0x080052b0   0x080052b0   0x00000022   Code   RO          791    i.USB_ReadPacket    stm32f4xx_ll_usb.o
    0x080052d2   0x080052d2   0x00000036   Code   RO          793    i.USB_SetCurrentMode  stm32f4xx_ll_usb.o
    0x08005308   0x08005308   0x0000002a   Code   RO          794    i.USB_SetDevAddress  stm32f4xx_ll_usb.o
    0x08005332   0x08005332   0x00000012   Code   RO          795    i.USB_SetDevSpeed   stm32f4xx_ll_usb.o
    0x08005344   0x08005344   0x0000012e   Code   RO          796    i.USB_SetTurnaroundTime  stm32f4xx_ll_usb.o
    0x08005472   0x08005472   0x0000003c   Code   RO          799    i.USB_WritePacket   stm32f4xx_ll_usb.o
    0x080054ae   0x080054ae   0x00000004   Code   RO          362    i.UsageFault_Handler  stm32f4xx_it.o
    0x080054b2   0x080054b2   0x00000002   PAD
    0x080054b4   0x080054b4   0x00000020   Code   RO         4110    i.__0printf$5       mc_w.l(printf5.o)
    0x080054d4   0x080054d4   0x00000010   Code   RO         1920    i.__NVIC_GetPriorityGrouping  stm32f4xx_hal_cortex.o
    0x080054e4   0x080054e4   0x0000002c   Code   RO         1921    i.__NVIC_SetPriority  stm32f4xx_hal_cortex.o
    0x08005510   0x08005510   0x0000000e   Code   RO         4310    i.__scatterload_copy  mc_w.l(handlers.o)
    0x0800551e   0x0800551e   0x00000002   Code   RO         4311    i.__scatterload_null  mc_w.l(handlers.o)
    0x08005520   0x08005520   0x0000000e   Code   RO         4312    i.__scatterload_zeroinit  mc_w.l(handlers.o)
    0x0800552e   0x0800552e   0x00000002   PAD
    0x08005530   0x08005530   0x000002c0   Code   RO         4117    i._printf_core      mc_w.l(printf5.o)
    0x080057f0   0x080057f0   0x0000001c   Code   RO           18    i.fputc             main.o
    0x0800580c   0x0800580c   0x00000050   Code   RO         4238    i.free              mc_w.l(malloc.o)
    0x0800585c   0x0800585c   0x000000d2   Code   RO           19    i.main              main.o
    0x0800592e   0x0800592e   0x00000002   PAD
    0x08005930   0x08005930   0x0000006c   Code   RO         4239    i.malloc            mc_w.l(malloc.o)
    0x0800599c   0x0800599c   0x00000018   Data   RO         3171    .constdata          system_stm32f4xx.o
    0x080059b4   0x080059b4   0x00000070   Data   RO           21    .conststring        main.o
    0x08005a24   0x08005a24   0x00000016   Data   RO         3208    .conststring        usb_device.o
    0x08005a3a   0x08005a3a   0x00000002   PAD
    0x08005a3c   0x08005a3c   0x0000004c   Data   RO         3248    .conststring        usbd_desc.o
    0x08005a88   0x08005a88   0x0000001e   Data   RO         3334    .conststring        usbd_custom_hid_if.o
    0x08005aa6   0x08005aa6   0x00000002   PAD
    0x08005aa8   0x08005aa8   0x00000020   Data   RO         4308    Region$$Table       anon$$obj.o
    0x08005ac8   0x08005ac8   0x0000000a   Data   RO         3890    c.USBD_CUSTOM_HID_Setup.0000002a  usbd_customhid.o
    0x08005ad2   0x08005ad2   0x00000008   Data   RO         3726    c.USBD_GetDescriptor.00000016  usbd_ctlreq.o
    0x08005ada   0x08005ada   0x00000006   Data   RO         3727    c.USBD_GetDescriptor.00000060  usbd_ctlreq.o
    0x08005ae0   0x08005ae0   0x0000000a   Data   RO         3728    c.USBD_StdDevReq.00000032  usbd_ctlreq.o


    Execution Region RW_IRAM1 (Exec base: 0x20000000, Load base: 0x08005aec, Size: 0x000011c0, Max: 0x00018000, ABSOLUTE, COMPRESSED[0x000000c4])

    Exec Addr    Load Addr    Size         Type   Attr      Idx    E Section Name        Object

    0x20000000   COMPRESSED   0x0000000f   Data   RW           22    .data               main.o
    0x2000000f   COMPRESSED   0x00000001   PAD
    0x20000010   COMPRESSED   0x00000009   Data   RW         2069    .data               stm32f4xx_hal.o
    0x20000019   COMPRESSED   0x00000003   PAD
    0x2000001c   COMPRESSED   0x00000004   Data   RW         3172    .data               system_stm32f4xx.o
    0x20000020   COMPRESSED   0x0000004e   Data   RW         3249    .data               usbd_desc.o
    0x2000006e   COMPRESSED   0x00000002   PAD
    0x20000070   COMPRESSED   0x00000034   Data   RW         3335    .data               usbd_custom_hid_if.o
    0x200000a4   COMPRESSED   0x00000001   Data   RW         3725    .data               usbd_ctlreq.o
    0x200000a5   COMPRESSED   0x00000003   PAD
    0x200000a8   COMPRESSED   0x000000d2   Data   RW         3889    .data               usbd_customhid.o
    0x2000017a   COMPRESSED   0x00000002   PAD
    0x2000017c   COMPRESSED   0x00000004   Data   RW         4282    .data               mc_w.l(stdout.o)
    0x20000180   COMPRESSED   0x00000004   Data   RW         4289    .data               mc_w.l(mvars.o)
    0x20000184   COMPRESSED   0x00000004   Data   RW         4290    .data               mc_w.l(mvars.o)
    0x20000188        -       0x00000009   Zero   RW           20    .bss                main.o
    0x20000191   COMPRESSED   0x00000003   PAD
    0x20000194        -       0x00000054   Zero   RW          262    .bss                i2c.o
    0x200001e8        -       0x00000080   Zero   RW          305    .bss                usart.o
    0x20000268        -       0x000002d0   Zero   RW         3207    .bss                usb_device.o
    0x20000538        -       0x00000200   Zero   RW         3247    .bss                usbd_desc.o
    0x20000738        -       0x00000080   Zero   RW         3333    .bss                usbd_custom_hid_if.o
    0x200007b8        -       0x00000408   Zero   RW         3406    .bss                usbd_conf.o
    0x20000bc0        -       0x00000200   Zero   RW            2    HEAP                startup_stm32f401xe.o
    0x20000dc0        -       0x00000400   Zero   RW            1    STACK               startup_stm32f401xe.o


==============================================================================

Image component sizes


      Code (inc. data)   RO Data    RW Data    ZI Data      Debug   Object Name

       458          0          0          0          0       1175   gpio.o
       290          0          0          0         84       1801   i2c.o
       634          0        112         15          9     409593   main.o
        36          8        404          0       1536        856   startup_stm32f401xe.o
       236          0          0          9          0       9425   stm32f4xx_hal.o
       316          0          0          0          0      34595   stm32f4xx_hal_cortex.o
        40          0          0          0          0       1167   stm32f4xx_hal_dma.o
       562          0          0          0          0       2999   stm32f4xx_hal_gpio.o
       486          0          0          0          0       2111   stm32f4xx_hal_i2c.o
        80          0          0          0          0        898   stm32f4xx_hal_msp.o
      3222          0          0          0          0      12513   stm32f4xx_hal_pcd.o
        90          0          0          0          0       2517   stm32f4xx_hal_pcd_ex.o
      2178          0          0          0          0       5748   stm32f4xx_hal_rcc.o
      2294          0          0          0          0      10287   stm32f4xx_hal_uart.o
       146          0          0          0          0       7000   stm32f4xx_it.o
      3896          0          0          0          0      23226   stm32f4xx_ll_usb.o
        40          0         24          4          0       1211   system_stm32f4xx.o
       450          0          0          0        128       2471   usart.o
       114          0         22          0        720        824   usb_device.o
      1034          0          0          0       1032      16296   usbd_conf.o
       902          0          0          0          0      13633   usbd_core.o
      2224          0         24          1          0      17232   usbd_ctlreq.o
        96          0         30         52        128       3083   usbd_custom_hid_if.o
       794          0         10        210          0      11607   usbd_customhid.o
       406          0         76         78        512       7149   usbd_desc.o
       174          0          0          0          0       4856   usbd_ioreq.o

    ----------------------------------------------------------------------
     21202          8        740        380       4152     604273   Object Totals
         0          0         32          0          0          0   (incl. Generated)
         4          0          6         11          3          0   (incl. Padding)

    ----------------------------------------------------------------------

      Code (inc. data)   RO Data    RW Data    ZI Data      Debug   Library Member Name

        86          0          0          0          0          0   __dczerorl2.o
         0          0          0          0          0          0   entry.o
         0          0          0          0          0          0   entry10a.o
         0          0          0          0          0          0   entry11a.o
         4          0          0          0          0          0   entry12b.o
         8          4          0          0          0          0   entry2.o
         4          0          0          0          0          0   entry5.o
         0          0          0          0          0          0   entry7b.o
         0          0          0          0          0          0   entry8b.o
         8          4          0          0          0          0   entry9a.o
        30          0          0          0          0          0   handlers.o
        36          8          0          0          0         68   init.o
        30          0          0          0          0         68   llshl.o
        32          0          0          0          0         68   llushr.o
       188         20          0          0          0        160   malloc.o
        36          0          0          0          0         68   memcpya.o
        36          0          0          0          0        108   memseta.o
         0          0          0          8          0          0   mvars.o
       736         54          0          0          0        184   printf5.o
         0          0          0          4          0          0   stdout.o
        98          0          0          0          0         92   uldiv.o

    ----------------------------------------------------------------------
      1334         90          0         12          0        816   Library Totals
         2          0          0          0          0          0   (incl. Padding)

    ----------------------------------------------------------------------

      Code (inc. data)   RO Data    RW Data    ZI Data      Debug   Library Name

      1332         90          0         12          0        816   mc_w.l

    ----------------------------------------------------------------------
      1334         90          0         12          0        816   Library Totals

    ----------------------------------------------------------------------

==============================================================================


      Code (inc. data)   RO Data    RW Data    ZI Data      Debug   

     22536         98        740        392       4152     586009   Grand Totals
     22536         98        740        196       4152     586009   ELF Image Totals (compressed)
     22536         98        740        196          0          0   ROM Totals

==============================================================================

    Total RO  Size (Code + RO Data)                23276 (  22.73kB)
    Total RW  Size (RW Data + ZI Data)              4544 (   4.44kB)
    Total ROM Size (Code + RO Data + RW Data)      23472 (  22.92kB)

==============================================================================

